<html>
<body>
<pre>
<h1>µVision Build Log</h1>
<h2>Tool Versions:</h2>
IDE-Version: ¦ÌVision V5.16.0.0
Copyright (C) 2015 ARM Ltd and ARM Germany GmbH. All rights reserved.
License Information: Eric Microsoft, Microsoft, LIC=TIV74-F0VVR-BQ80K-ZBLR0-UNX0B-NSAEU
 
Tool Versions:
Toolchain:       MDK-ARM Standard  Version: 5.16.0.0
Toolchain Path:  C:\Keil_v5\ARM\ARMCC\Bin
C Compiler:      Armcc.exe V5.06 (build 20)
Assembler:       Armasm.exe V5.06 (build 20)
Linker/Locator:  ArmLink.exe V5.06 (build 20)
Library Manager: ArmAr.exe V5.06 (build 20)
Hex Converter:   FromElf.exe V5.06 (build 20)
CPU DLL:         SARMCM3.DLL V5.16.0.0
Dialog DLL:      DARMCM1.DLL V1.12.0.0
Target DLL:      Nu_Link.dll V1.30
Dialog DLL:      TARMCM1.DLL V1.9.0.0
 
<h2>Project:</h2>
E:\workspace\WPI\Nuvoton\Oscar-Numaker\SampleCode\AudioCodec\Oscar-NuLiteEx\KEIL\NuLiteEx.uvproj
Project File Date:  12/31/2015

<h2>Output:</h2>
*** Using Compiler 'V5.06 (build 20)', folder: 'C:\Keil_v5\ARM\ARMCC\Bin'
Rebuild target 'NuLiteEx'
Before Build - User command #1: .\PreBuild.bat
Set working directory ......
AudioRes.uid
WAVTable_Middle.idt
Audio convert wave-table information to E:\workspace\WPI\Nuvoton\Oscar-Numaker\SampleCode\AudioCodec\Oscar-NuLiteEx\AudioRes\Output\AudioRes_AudioInfo.h successfully.
Resource convert successful.
compiling main.c...
..\main.c(368): warning:  #223-D: function "memset" declared implicitly
  			memset(tmpString,0,sizeof(tmpString));
..\main.c(369): warning:  #223-D: function "sprintf" declared implicitly
  			sprintf(tmpString,"T:%d C   H:%d%%  ",HUMITURESENSOR_Data[1]>>8,HUMITURESENSOR_Data[0]>>8);
..\main.c(388): warning:  #223-D: function "strstr" declared implicitly
  				if (strstr((const char*)GLOBAL_BUF,"DAT"))
..\main.c(394): warning:  #223-D: function "strlen" declared implicitly
  					UART_Write_Wecan(
ART0, GLOBAL_BUF, strlen(GLOBAL_BUF));
..\main.c(394): warning:  #167-D: argument of type "uint8_t *" is incompatible with parameter of type "char *"
  					UART_Write_Wecan(
ART0, GLOBAL_BUF, strlen(GLOBAL_BUF));
..\main.c(399): warning:  #223-D: function "strlen" declared implicitly
  					UART_Write_Wecan(
ART0,tmpString, strlen(tmpString));
..\main.c(321): warning:  #177-D: variable "u32temp" was declared but never referenced
  	uint32_t u32temp=0;
..\main.c: 7 warnings, 0 errors
compiling AppCallback.c...
compiling AppFunctions.c...
compiling InputKeyActions.c...
compiling InterruptHandler.c...
compiling Powerdown.c...
compiling I2c0int.c...
assembling startup_ISD9100.s...
compiling system_ISD9100.c...
compiling NuLiteExApp_Decode.c...
compiling AudioMixer.c...
compiling AudioRom.c...
compiling BufCtrl.c...
compiling ConfigIO.c...
compiling MicSpk.c...
compiling SPIFlashUtil.c...
compiling Playback.c...
compiling UltraIO.c...
compiling SysClk.c...
compiling PdmaCtrl.c...
compiling SPIFlash.c...
compiling acmp.c...
compiling adc.c...
compiling Keypad.c...
compiling capsense.c...
compiling bod.c...
compiling biq.c...
compiling clk.c...
compiling dpwm.c...
compiling CRC.c...
compiling fmc.c...
compiling i2c.c...
compiling gpio.c...
compiling i2s.c...
compiling pdma.c...
compiling pwm.c...
compiling retarget.c...
compiling rtc.c...
compiling spi.c...
compiling talarm.c...
compiling sys.c...
compiling timer.c...
compiling wdt.c...
compiling LY096BG30.c...
compiling uart.c...
compiling MPU6050_api.c...
compiling HDC1000.c...
compiling MPU6050.c...
compiling Timer_Ctrl.c...
linking...
.\NuLiteEx\NuLiteEx.axf: Warning: C3912W: Option 'device' is deprecated.
Program Size: Code=36260 RO-data=7084 RW-data=1900 ZI-data=8396  
After Build - User command #1: fromelf --bincombined --output "E:\workspace\WPI\Nuvoton\Oscar-Numaker\SampleCode\AudioCodec\Oscar-NuLiteEx\KEIL\NuLiteEx\NuLiteEx.bin" "E:\workspace\WPI\Nuvoton\Oscar-Numaker\SampleCode\AudioCodec\Oscar-NuLiteEx\KEIL\NuLiteEx\NuLiteEx.axf"
After Build - User command #2: "C:\Nuvoton NuVoice Tool\Utility\PadFile.exe" --size=0x23400 --pad=0xff  "E:\workspace\WPI\Nuvoton\Oscar-Numaker\SampleCode\AudioCodec\Oscar-NuLiteEx\KEIL\NuLiteEx\NuLiteEx.bin"
".\NuLiteEx\NuLiteEx.axf" - 0 Error(s), 8 Warning(s).
Build Time Elapsed:  00:00:16
</pre>
</body>
</html>
