<html>
<body>
<pre>
<h1>µVision Build Log</h1>
<h2>Project:</h2>
E:\workspace\WPI\Nuvoton\Oscar-Numaker\SampleCode\AudioCodec\Oscar-NuLiteEx\KEIL\NuLiteEx.uvproj
Project File Date:  11/23/2015

<h2>Output:</h2>
Rebuild target 'NuLiteEx'
Before Build - User command #1: .\PreBuild.bat
Set working directory ......
AudioRes.uid
WAVTable_Middle.idt
Audio convert wave-table information to E:\workspace\WPI\Nuvoton\Oscar-Numaker\SampleCode\AudioCodec\Oscar-NuLiteEx\AudioRes\Output\AudioRes_AudioInfo.h successfully.
Resource convert successful.
compiling main.c...
compiling AppFunctions.c...
compiling AppCallback.c...
compiling InputKeyActions.c...
compiling InterruptHandler.c...
compiling Powerdown.c...
compiling I2c0int.c...
compiling system_ISD9100.c...
assembling startup_ISD9100.s...
compiling NuLiteExApp_Decode.c...
compiling AudioMixer.c...
compiling AudioRom.c...
compiling BufCtrl.c...
compiling ConfigIO.c...
compiling MicSpk.c...
compiling Playback.c...
compiling SPIFlashUtil.c...
compiling UltraIO.c...
compiling SysClk.c...
compiling PdmaCtrl.c...
compiling SPIFlash.c...
compiling Keypad.c...
compiling acmp.c...
compiling adc.c...
compiling biq.c...
compiling bod.c...
compiling capsense.c...
compiling clk.c...
compiling CRC.c...
compiling dpwm.c...
compiling fmc.c...
compiling gpio.c...
compiling i2c.c...
compiling i2s.c...
compiling pdma.c...
compiling pwm.c...
compiling retarget.c...
compiling rtc.c...
compiling spi.c...
compiling sys.c...
compiling talarm.c...
compiling timer.c...
compiling uart.c...
compiling wdt.c...
compiling LY096BG30.c...
linking...
Program Size: Code=14128 RO-data=6320 RW-data=1608 ZI-data=3360  
After Build - User command #1: fromelf --bincombined --output "E:\workspace\WPI\Nuvoton\Oscar-Numaker\SampleCode\AudioCodec\Oscar-NuLiteEx\KEIL\NuLiteEx\NuLiteEx.bin" "E:\workspace\WPI\Nuvoton\Oscar-Numaker\SampleCode\AudioCodec\Oscar-NuLiteEx\KEIL\NuLiteEx\NuLiteEx.axf"
After Build - User command #2: "C:\Nuvoton NuVoice Tool\Utility\PadFile.exe" --size=0x23400 --pad=0xff  "E:\workspace\WPI\Nuvoton\Oscar-Numaker\SampleCode\AudioCodec\Oscar-NuLiteEx\KEIL\NuLiteEx\NuLiteEx.bin"
".\NuLiteEx\NuLiteEx.axf" - 0 Error(s), 0 Warning(s).
Load "E:\\workspace\\WPI\\Nuvoton\\Oscar-Numaker\\SampleCode\\AudioCodec\\Oscar-NuLiteEx\\KEIL\\NuLiteEx\\NuLiteEx.axf" 
Error: Flash Download failed  -  Target DLL has been cancelled
Load "E:\\workspace\\WPI\\Nuvoton\\Oscar-Numaker\\SampleCode\\AudioCodec\\Oscar-NuLiteEx\\KEIL\\NuLiteEx\\NuLiteEx.axf" 
Load "E:\\workspace\\WPI\\Nuvoton\\Oscar-Numaker\\SampleCode\\AudioCodec\\Oscar-NuLiteEx\\KEIL\\NuLiteEx\\NuLiteEx.axf" 
Error: Flash Download failed  -  Target DLL has been cancelled
Load "E:\\workspace\\WPI\\Nuvoton\\Oscar-Numaker\\SampleCode\\AudioCodec\\Oscar-NuLiteEx\\KEIL\\NuLiteEx\\NuLiteEx.axf" 
