Component: ARM Compiler 5.06 (build 20) Tool: armlink [4d35a3]

==============================================================================

Small function inlining results

Inlined function __aeabi_idiv0 from aeabi_idiv0.o at offset 0x1e2 in aeabi_sdivfast.o(.text).
Inlined Instruction: BX       lr
Inlined function __aeabi_idiv0 from aeabi_idiv0.o at offset 0x1e2 in aeabi_sdivfast_div0.o(.text).
Inlined Instruction: BX       lr
Inlined function _platform_pre_stackheap_init from boardinit1.o at offset 0x0 in __rtentry2.o(.ARM.Collect$$rtentry$$00000001).
Inlined Instruction: BX       lr
Inlined function _fp_init from fpinit.o at offset 0x0 in libinit2.o(.ARM.Collect$$libinit$$00000001).
Inlined Instruction: BX       lr
Inlined function _platform_pre_lib_shutdown from boardshut.o at offset 0x0 in rtexit2.o(.ARM.Collect$$rtexit$$00000001).
Inlined Instruction: BX       lr
Inlined function __ARM_get_argv from no_argv.o at offset 0x2 in argv_veneer.o(.text).
Inlined Instruction: BX       lr
Inlined total of 6 calls.

==============================================================================

Section Cross References

    main.o(i.ConvertHTValue) refers to hdc1000.o(i.Read_HDC1000_Temperature) for Read_HDC1000_Temperature
    main.o(i.ConvertHTValue) refers to aeabi_sdivfast.o(.text) for __aeabi_uidivmod
    main.o(i.ConvertHTValue) refers to hdc1000.o(i.Read_HDC1000_Humidity) for Read_HDC1000_Humidity
    main.o(i.ConvertHTValue) refers to main.o(.data) for HUMITURESENSOR_Data
    main.o(i.ConvertMPU6050Value) refers to mpu6050.o(i.Read_MPU6050_AccX) for Read_MPU6050_AccX
    main.o(i.ConvertMPU6050Value) refers to mpu6050.o(i.Read_MPU6050_AccY) for Read_MPU6050_AccY
    main.o(i.ConvertMPU6050Value) refers to mpu6050.o(i.Read_MPU6050_AccZ) for Read_MPU6050_AccZ
    main.o(i.ConvertMPU6050Value) refers to mpu6050.o(i.Read_MPU6050_GyroX) for Read_MPU6050_GyroX
    main.o(i.ConvertMPU6050Value) refers to mpu6050.o(i.Read_MPU6050_GyroY) for Read_MPU6050_GyroY
    main.o(i.ConvertMPU6050Value) refers to mpu6050.o(i.Read_MPU6050_GyroZ) for Read_MPU6050_GyroZ
    main.o(i.ConvertMPU6050Value) refers to ahrslib.o(i.nvtInputSensorRawACC) for nvtInputSensorRawACC
    main.o(i.ConvertMPU6050Value) refers to ahrslib.o(i.nvtInputSensorRawGYRO) for nvtInputSensorRawGYRO
    main.o(i.ConvertMPU6050Value) refers to ahrslib.o(i.nvtUpdateAHRS) for nvtUpdateAHRS
    main.o(i.ConvertMPU6050Value) refers to ahrslib.o(i.nvtGetEulerRPY) for nvtGetEulerRPY
    main.o(i.ConvertMPU6050Value) refers to ffixi.o(.text) for __aeabi_f2iz
    main.o(i.ConvertMPU6050Value) refers to main.o(i.transfer) for transfer
    main.o(i.ConvertMPU6050Value) refers to mpu6050_api.o(.data) for rawACC
    main.o(i.ConvertMPU6050Value) refers to main.o(.data) for iEuler
    main.o(i.SPIFlash_Initiate) refers to clk.o(i.CLK_EnableModuleClock) for CLK_EnableModuleClock
    main.o(i.SPIFlash_Initiate) refers to sys.o(i.SYS_ResetModule) for SYS_ResetModule
    main.o(i.SPIFlash_Initiate) refers to spiflash.o(i.SPIFlash_Open) for SPIFlash_Open
    main.o(i.SPIFlash_Initiate) refers to spiflash.o(i.SPIFlash_PowerDown) for SPIFlash_PowerDown
    main.o(i.SPIFlash_Initiate) refers to spiflash.o(i.SPIFlash_Read) for SPIFlash_Read
    main.o(i.SPIFlash_Initiate) refers to spiflash.o(i.SPIFlash_GetChipInfo) for SPIFlash_GetChipInfo
    main.o(i.SPIFlash_Initiate) refers to main.o(.bss) for g_sSpiFlash
    main.o(i.System_Init) refers to sysclk.o(i.SysClk_InitiateRC) for SysClk_InitiateRC
    main.o(i.System_Init) refers to clk.o(i.CLK_EnableLDO) for CLK_EnableLDO
    main.o(i.System_Init) refers to main.o(i.SPIFlash_Initiate) for SPIFlash_Initiate
    main.o(i.System_Init) refers to configio.o(i.OutputPin_Initiate) for OutputPin_Initiate
    main.o(i.System_Init) refers to ultraio.o(i.UltraIO_Initiate) for UltraIO_Initiate
    main.o(i.System_Init) refers to configio.o(i.InputKey_Initiate) for InputKey_Initiate
    main.o(i.System_Init) refers to pdmactrl.o(i.PdmaCtrl_Init) for PdmaCtrl_Init
    main.o(i.System_Init) refers to micspk.o(i.SPK_Open) for SPK_Open
    main.o(i.System_Init) refers to appfunctions.o(i.App_Initiate) for App_Initiate
    main.o(i.UART0_IRQHandler) refers to uart.o(i.UART_Read) for UART_Read
    main.o(i.UART0_IRQHandler) refers to main.o(.bss) for GLOBAL_BUF
    main.o(i.UART0_IRQHandler) refers to main.o(.data) for real_rx_count
    main.o(i.UART_Init) refers to clk.o(i.CLK_EnableModuleClock) for CLK_EnableModuleClock
    main.o(i.UART_Init) refers to sys.o(i.SYS_ResetModule) for SYS_ResetModule
    main.o(i.UART_Init) refers to uart.o(i.UART_Open) for UART_Open
    main.o(i.UART_Init) refers to main.o(i.NVIC_EnableIRQ) for NVIC_EnableIRQ
    main.o(i.i2c_Init) refers to clk.o(i.CLK_EnableModuleClock) for CLK_EnableModuleClock
    main.o(i.i2c_Init) refers to sys.o(i.SYS_ResetModule) for SYS_ResetModule
    main.o(i.i2c_Init) refers to i2c.o(i.I2C_Open) for I2C_Open
[...]
    CheckMode                                0x000020dd   Thumb Code   136  gyrodriftcalibrate.o(i.CheckMode)
    CheckNormalDistribution                  0x0000216d   Thumb Code    52  gyrodriftcalibrate.o(i.CheckNormalDistribution)
    CheckSecurityID                          0x000021b5   Thumb Code    48  security.o(i.CheckSecurityID)
    CheckStandardDV                          0x000021ed   Thumb Code    74  gyrodriftcalibrate.o(i.CheckStandardDV)
    ChronographStart                         0x0000223d   Thumb Code    22  timer_ctrl.o(i.ChronographStart)
    ComputeEuler                             0x0000225d   Thumb Code   488  sensorfusion6.o(i.ComputeEuler)
    ComputeMotion                            0x0000245d   Thumb Code   764  sensorfusion6.o(i.ComputeMotion)
    ConvertHTValue                           0x00002791   Thumb Code    96  main.o(i.ConvertHTValue)
    ConvertMPU6050Value                      0x000027fd   Thumb Code   210  main.o(i.ConvertMPU6050Value)
    DPWM_Open                                0x000028f5   Thumb Code     2  dpwm.o(i.DPWM_Open)
    DPWM_SetSampleRate                       0x000028f9   Thumb Code    52  dpwm.o(i.DPWM_SetSampleRate)
    Default_KeyHandler                       0x00002935   Thumb Code    50  inputkeyactions.o(i.Default_KeyHandler)
    DelayMsec                                0x0000296d   Thumb Code    24  timer_ctrl.o(i.DelayMsec)
    FMCReadUCID                              0x00002985   Thumb Code    76  security.o(i.FMCReadUCID)
    FMC_Close                                0x000029d5   Thumb Code    14  fmc.o(i.FMC_Close)
    FMC_Open                                 0x000029e9   Thumb Code    14  fmc.o(i.FMC_Open)
    FilterACCInit                            0x000029fd   Thumb Code    38  acccalibrate.o(i.FilterACCInit)
    FilterCalibrateACC                       0x00002a29   Thumb Code    70  accfilter.o(i.FilterCalibrateACC)
    GPAB_IRQHandler                          0x00002a75   Thumb Code    26  interrupthandler.o(i.GPAB_IRQHandler)
    GPIO_SetMode                             0x00002a99   Thumb Code    46  gpio.o(i.GPIO_SetMode)
    GetAHRSPeriod                            0x00002ac9   Thumb Code     6  ahrslib.o(i.GetAHRSPeriod)
    GetCalibrateParams                       0x00002ad5   Thumb Code    20  gauss_newton_calibrate.o(i.GetCalibrateParams)
    GetGyroDynamicCenter                     0x00002af1   Thumb Code    20  gyrodriftcalibrate.o(i.GetGyroDynamicCenter)
    GetMagGuass                              0x00002b09   Thumb Code     6  magcalibrate.o(i.GetMagGuass)
    GetTickCounter                           0x00002b15   Thumb Code     6  ahrslib.o(i.GetTickCounter)
    GyroCalibrate                            0x00002b21   Thumb Code    62  mpu6050_api.o(i.GyroCalibrate)
    GyroDynamicCalibrate                     0x00002b69   Thumb Code    62  gyrodriftcalibrate.o(i.GyroDynamicCalibrate)
    HDC1000_I2C_SingleRead                   0x00002bb5   Thumb Code    94  hdc1000.o(i.HDC1000_I2C_SingleRead)
    HDC1000_I2C_SingleWrite                  0x00002c41   Thumb Code    92  hdc1000.o(i.HDC1000_I2C_SingleWrite)
    I2C0_IRQHandler                          0x00002cc1   Thumb Code    48  i2c0int.o(i.I2C0_IRQHandler)
    I2C_ClearTimeoutFlag                     0x00002cf9   Thumb Code    10  i2c.o(i.I2C_ClearTimeoutFlag)
    I2C_EnableInt                            0x00002d03   Thumb Code    10  i2c.o(i.I2C_EnableInt)
    I2C_MasterRx                             0x00002d0d   Thumb Code   286  i2c0int.o(i.I2C_MasterRx)
    I2C_MasterRx_var                         0x00002e49   Thumb Code   336  i2c0int.o(i.I2C_MasterRx_var)
    I2C_MasterTx                             0x00002fbd   Thumb Code   202  i2c0int.o(i.I2C_MasterTx)
    I2C_MasterTx_var                         0x000030a1   Thumb Code   202  i2c0int.o(i.I2C_MasterTx_var)
    I2C_Open                                 0x00003185   Thumb Code    58  i2c.o(i.I2C_Open)
    I2C_SetSlaveAddr                         0x000031c5   Thumb Code    64  i2c.o(i.I2C_SetSlaveAddr)
    Init_AHRS                                0x00003205   Thumb Code   100  mpu6050_api.o(i.Init_AHRS)
    Init_HDC1000                             0x0000327d   Thumb Code    26  hdc1000.o(i.Init_HDC1000)
    Init_LCD                                 0x0000329d   Thumb Code   172  ly096bg30.o(i.Init_LCD)
    Init_MPU6050                             0x00003349   Thumb Code    56  mpu6050.o(i.Init_MPU6050)
    InputKey_Change                          0x00003385   Thumb Code    26  configio.o(i.InputKey_Change)
    InputKey_Initiate                        0x000033a9   Thumb Code   124  configio.o(i.InputKey_Initiate)
    Keypad_InitKeypad                        0x00003439   Thumb Code    14  keypad.o(i.Keypad_InitKeypad)
    Keypad_InitTgr                           0x00003451   Thumb Code    42  keypad.o(i.Keypad_InitTgr)
    Keypad_ScanTgr                           0x00003485   Thumb Code    84  keypad.o(i.Keypad_ScanTgr)
    Keypad_ScanTgrPort                       0x000034e5   Thumb Code    76  keypad.o(i.Keypad_ScanTgrPort)
    Keypad_TgrDecDebounceCounter             0x00003539   Thumb Code    30  keypad.o(i.Keypad_TgrDecDebounceCounter)
    Keypad_TgrMapHandler                     0x00003561   Thumb Code    94  keypad.o(i.Keypad_TgrMapHandler)
    MPU6050_I2C_SingleRead                   0x000035c9   Thumb Code    86  mpu6050.o(i.MPU6050_I2C_SingleRead)
    MPU6050_I2C_SingleWrite                  0x00003649   Thumb Code    82  mpu6050.o(i.MPU6050_I2C_SingleWrite)
    MultiwiiAccFilter                        0x000036c1   Thumb Code   204  accfilter.o(i.MultiwiiAccFilter)
    NuLiteExApp_DecodeInitiate               0x0000392d   Thumb Code    44  nuliteexapp_decode.o(i.NuLiteExApp_DecodeInitiate)
    NuLiteExApp_DecodeProcess                0x00003959   Thumb Code   194  nuliteexapp_decode.o(i.NuLiteExApp_DecodeProcess)
    NuLiteExApp_DecodeStartPlayByAddr        0x00003a21   Thumb Code   140  nuliteexapp_decode.o(i.NuLiteExApp_DecodeStartPlayByAddr)
    NuLiteExApp_DecodeStartPlayByID          0x00003ab1   Thumb Code    46  nuliteexapp_decode.o(i.NuLiteExApp_DecodeStartPlayByID)
    NuLiteExApp_DecodeStopPlay               0x00003ae5   Thumb Code    30  nuliteexapp_decode.o(i.NuLiteExApp_DecodeStopPlay)
    NuLiteEx_DecodeInitiate                  0x00003b05   Thumb Code   180  nuliteex.o(i.NuLiteEx_DecodeInitiate)
    NuLiteEx_DecodeIsEnd                     0x00003bbd   Thumb Code    16  nuliteex.o(i.NuLiteEx_DecodeIsEnd)
    NuLiteEx_DecodeProcess                   0x00003bcd   Thumb Code   212  nuliteex.o(i.NuLiteEx_DecodeProcess)
    NuLiteXCodec_DecodeInitial               0x00003ca1   Thumb Code    40  nulitedecode.o(i.NuLiteXCodec_DecodeInitial)
    NuLiteXCodec_DecodeProcess               0x00003cc9   Thumb Code    48  nulitedecode.o(i.NuLiteXCodec_DecodeProcess)
    NuLiteXCodec_f_categorize                0x00003cf9   Thumb Code   640  nulitedecode.o(i.NuLiteXCodec_f_categorize)
    OLED_SingleWrite                         0x00003f7d   Thumb Code    82  ly096bg30.o(i.OLED_SingleWrite)
    OutputPin_Initiate                       0x00003ff5   Thumb Code    26  configio.o(i.OutputPin_Initiate)
    OutputPin_Set                            0x00004019   Thumb Code    20  configio.o(i.OutputPin_Set)
    PDMA_DisableInt                          0x0000402d   Thumb Code    16  pdma.o(i.PDMA_DisableInt)
    PDMA_EnableInt                           0x00004041   Thumb Code    16  pdma.o(i.PDMA_EnableInt)
    PDMA_IRQHandler                          0x00004055   Thumb Code    28  interrupthandler.o(i.PDMA_IRQHandler)
    PDMA_Open                                0x00004079   Thumb Code    14  pdma.o(i.PDMA_Open)
    PDMA_SetTransferAddr                     0x0000408d   Thumb Code    30  pdma.o(i.PDMA_SetTransferAddr)
    PDMA_SetTransferCnt                      0x000040b1   Thumb Code    66  pdma.o(i.PDMA_SetTransferCnt)
    PDMA_SetTransferDirection                0x000040f9   Thumb Code    20  pdma.o(i.PDMA_SetTransferDirection)
    PDMA_SetTransferMode                     0x00004111   Thumb Code   228  pdma.o(i.PDMA_SetTransferMode)
    PDMA_Trigger                             0x000041f9   Thumb Code    16  pdma.o(i.PDMA_Trigger)
    PWM_ConfigOutputChannel                  0x00004211   Thumb Code   342  pwm.o(i.PWM_ConfigOutputChannel)
    PWM_DisableOutput                        0x00004379   Thumb Code     8  pwm.o(i.PWM_DisableOutput)
    PWM_EnableOutput                         0x00004381   Thumb Code     8  pwm.o(i.PWM_EnableOutput)
    PWM_Start                                0x00004389   Thumb Code    42  pwm.o(i.PWM_Start)
    PWM_Stop                                 0x000043b3   Thumb Code    38  pwm.o(i.PWM_Stop)
    PdmaCtrl_Init                            0x000043d9   Thumb Code    34  pdmactrl.o(i.PdmaCtrl_Init)
    PdmaCtrl_Open                            0x00004401   Thumb Code   148  pdmactrl.o(i.PdmaCtrl_Open)
    PdmaCtrl_Start                           0x0000449d   Thumb Code    42  pdmactrl.o(i.PdmaCtrl_Start)
    PdmaCtrl_Stop                            0x000044cd   Thumb Code    22  pdmactrl.o(i.PdmaCtrl_Stop)
    PlayNext_KeypadHandler                   0x000044e9   Thumb Code    64  inputkeyactions.o(i.PlayNext_KeypadHandler)
    PlayPrev_KeypadHandler                   0x00004541   Thumb Code    72  inputkeyactions.o(i.PlayPrev_KeypadHandler)
    Playback_Add                             0x000045a1   Thumb Code    58  playback.o(i.Playback_Add)
    Playback_AdjustVolumeDBStep              0x000045e1   Thumb Code    62  playback.o(i.Playback_AdjustVolumeDBStep)
    Playback_Initiate                        0x00004625   Thumb Code    56  playback.o(i.Playback_Initiate)
    Playback_IsTargetVolume                  0x00004665   Thumb Code    24  playback.o(i.Playback_IsTargetVolume)
    Playback_KeypadHandler                   0x00004681   Thumb Code    52  inputkeyactions.o(i.Playback_KeypadHandler)
    Playback_NeedUpdateOutputBuf             0x000046e1   Thumb Code    30  playback.o(i.Playback_NeedUpdateOutputBuf)
    Playback_Process                         0x00004701   Thumb Code   238  playback.o(i.Playback_Process)
    Playback_ProcessVolume                   0x00004805   Thumb Code   108  playback.o(i.Playback_ProcessVolume)
    Playback_Remove                          0x0000487d   Thumb Code    56  playback.o(i.Playback_Remove)
    Playback_ResetChannelVolume              0x000048b9   Thumb Code    28  playback.o(i.Playback_ResetChannelVolume)
    Playback_SetOutputBuf                    0x000048dd   Thumb Code    48  playback.o(i.Playback_SetOutputBuf)
    Playback_StartPlay                       0x0000490d   Thumb Code    94  playback.o(i.Playback_StartPlay)
    Playback_StopPlay                        0x00004981   Thumb Code   104  playback.o(i.Playback_StopPlay)
    Playback_UpdateOutputBuf                 0x000049f5   Thumb Code    22  playback.o(i.Playback_UpdateOutputBuf)
    Playback_VolumeFadeOut                   0x00004a0d   Thumb Code    38  playback.o(i.Playback_VolumeFadeOut)
    RTC_IRQHandler                           0x00004a39   Thumb Code     2  interrupthandler.o(i.RTC_IRQHandler)
    RawSmoothInput                           0x00004a3d   Thumb Code   100  ahrslib.o(i.RawSmoothInput)
    RawSmoothOutput                          0x00004aa9   Thumb Code   120  ahrslib.o(i.RawSmoothOutput)
    Read_HDC1000_Humidity                    0x00004b29   Thumb Code    14  hdc1000.o(i.Read_HDC1000_Humidity)
    Read_HDC1000_Temperature                 0x00004b37   Thumb Code    14  hdc1000.o(i.Read_HDC1000_Temperature)
    Read_MPU6050_AccX                        0x00004b45   Thumb Code    24  mpu6050.o(i.Read_MPU6050_AccX)
    Read_MPU6050_AccY                        0x00004b5d   Thumb Code    24  mpu6050.o(i.Read_MPU6050_AccY)
    Read_MPU6050_AccZ                        0x00004b75   Thumb Code    24  mpu6050.o(i.Read_MPU6050_AccZ)
    Read_MPU6050_GyroX                       0x00004b8d   Thumb Code    24  mpu6050.o(i.Read_MPU6050_GyroX)
    Read_MPU6050_GyroY                       0x00004ba5   Thumb Code    24  mpu6050.o(i.Read_MPU6050_GyroY)
    Read_MPU6050_GyroZ                       0x00004bbd   Thumb Code    24  mpu6050.o(i.Read_MPU6050_GyroZ)
    SPIFlash_GetChipInfo                     0x00004bd5   Thumb Code   244  spiflash.o(i.SPIFlash_GetChipInfo)
    SPIFlash_Initiate                        0x00004cc9   Thumb Code   114  main.o(i.SPIFlash_Initiate)
    SPIFlash_Open                            0x00004d51   Thumb Code   112  spiflash.o(i.SPIFlash_Open)
    SPIFlash_PowerDown                       0x00004dc1   Thumb Code    20  spiflash.o(i.SPIFlash_PowerDown)
    SPIFlash_Read                            0x00004dd5   Thumb Code    30  spiflash.o(i.SPIFlash_Read)
    SPIFlash_ReadData                        0x00004df3   Thumb Code   212  spiflash.o(i.SPIFlash_ReadData)
    SPIFlash_ReadDataCallback                0x00004ec9   Thumb Code    24  appcallback.o(i.SPIFlash_ReadDataCallback)
    SPIFlash_ReadEnd                         0x00004ee5   Thumb Code    24  spiflash.o(i.SPIFlash_ReadEnd)
    SPIFlash_ReadStart                       0x00004efd   Thumb Code   110  spiflash.o(i.SPIFlash_ReadStart)
    SPIFlash_SendRecOneData                  0x00004f6b   Thumb Code    82  spiflash.o(i.SPIFlash_SendRecOneData)
    SPI_GetBusClock                          0x00004fbd   Thumb Code    24  spi.o(i.SPI_GetBusClock)
    SPI_Open                                 0x00004fd5   Thumb Code    40  spi.o(i.SPI_Open)
    SPI_SetBusClock                          0x00004ffd   Thumb Code    76  spi.o(i.SPI_SetBusClock)
    SPI_SetVarClock                          0x0000504d   Thumb Code    66  spi.o(i.SPI_SetVarClock)
    SPK_ChangeSR                             0x00005095   Thumb Code    46  micspk.o(i.SPK_ChangeSR)
    SPK_Open                                 0x000050d1   Thumb Code   104  micspk.o(i.SPK_Open)
    SPK_Start                                0x00005149   Thumb Code    32  micspk.o(i.SPK_Start)
    SPK_Stop                                 0x0000516d   Thumb Code    14  micspk.o(i.SPK_Stop)
    SYS_Lock                                 0x00005181   Thumb Code    12  sys.o(i.SYS_Lock)
    SYS_LockReg                              0x00005191   Thumb Code     8  sys.o(i.SYS_LockReg)
    SYS_ResetModule                          0x0000519d   Thumb Code    48  sys.o(i.SYS_ResetModule)
    SYS_Unlock                               0x000051cd   Thumb Code    44  sys.o(i.SYS_Unlock)
    SYS_UnlockReg                            0x000051fd   Thumb Code    26  sys.o(i.SYS_UnlockReg)
    SampleFilter                             0x0000521d   Thumb Code   392  acccalibrate.o(i.SampleFilter)
    SendChar                                 0x000053ad   Thumb Code    12  retarget.o(i.SendChar)
    SendChar_ToUART                          0x000053b9   Thumb Code    48  retarget.o(i.SendChar_ToUART)
    SensorStateInit                          0x000053ed   Thumb Code    48  ahrslib.o(i.SensorStateInit)
    SensorsDynamicCalibrate                  0x00005425   Thumb Code    56  mpu6050_api.o(i.SensorsDynamicCalibrate)
    SetCalibrateACC                          0x00005465   Thumb Code    58  acccalibrate.o(i.SetCalibrateACC)
    SetCalibrateGYRO                         0x000054ad   Thumb Code    58  gyrocalibrate.o(i.SetCalibrateGYRO)
    SetMagGuass                              0x000054f5   Thumb Code    62  magcalibrate.o(i.SetMagGuass)
    SetZWithoutG_Base                        0x0000553d   Thumb Code     6  ahrslib.o(i.SetZWithoutG_Base)
    SetupSecurityID                          0x00005549   Thumb Code    98  security.o(i.SetupSecurityID)
    SysClk_InitiateRC                        0x000055bd   Thumb Code    78  sysclk.o(i.SysClk_InitiateRC)
    SysTick_Handler                          0x00005615   Thumb Code   100  timer_ctrl.o(i.SysTick_Handler)
    SystemCoreClockUpdate                    0x0000568d   Thumb Code    74  system_isd9100.o(i.SystemCoreClockUpdate)
    System_Init                              0x000056f5   Thumb Code    52  main.o(i.System_Init)
    TIMER_GetModuleClock                     0x0000572d   Thumb Code    82  timer.o(i.TIMER_GetModuleClock)
    TIMER_GetWorkingFreq                     0x00005791   Thumb Code    32  timer.o(i.TIMER_GetWorkingFreq)
    TIMER_Init                               0x000057b1   Thumb Code    20  timer_ctrl.o(i.TIMER_Init)
    TIMER_Open                               0x000057c9   Thumb Code   118  timer.o(i.TIMER_Open)
    TMR0_IRQHandler                          0x00005841   Thumb Code   110  timer_ctrl.o(i.TMR0_IRQHandler)
    TMR1_IRQHandler                          0x000058c9   Thumb Code    22  interrupthandler.o(i.TMR1_IRQHandler)
    UART0_IRQHandler                         0x000058e5   Thumb Code    52  main.o(i.UART0_IRQHandler)
    UART_Init                                0x00005925   Thumb Code   114  main.o(i.UART_Init)
    UART_Open                                0x000059a5   Thumb Code    96  uart.o(i.UART_Open)
    UART_Read                                0x00005a0d   Thumb Code    36  uart.o(i.UART_Read)
    UART_Write_Wecan                         0x00005a31   Thumb Code    54  main.o(i.UART_Write_Wecan)
    UltraIO_EventHandler                     0x00005a69   Thumb Code   136  ultraio.o(i.UltraIO_EventHandler)
    UltraIO_Initiate                         0x00005b01   Thumb Code   202  ultraio.o(i.UltraIO_Initiate)
    UltraIO_OuputCurve                       0x00005be9   Thumb Code    80  ultraio.o(i.UltraIO_OuputCurve)
    UltraIO_Start                            0x00005c49   Thumb Code    18  ultraio.o(i.UltraIO_Start)
    UltraIO_Stop                             0x00005c61   Thumb Code    12  ultraio.o(i.UltraIO_Stop)
    UpdateCalibrateInfoACC                   0x00005c71   Thumb Code    42  acccalibrate.o(i.UpdateCalibrateInfoACC)
    UserEvent_ProcessCallback                0x00005ca5   Thumb Code    18  appcallback.o(i.UserEvent_ProcessCallback)
    WDT_IRQHandler                           0x00005cb7   Thumb Code     2  interrupthandler.o(i.WDT_IRQHandler)
    __ARM_common_ll_muluu                    0x00005cb9   Thumb Code    50  rred.o(i.__ARM_common_ll_muluu)
    __ARM_common_switch8                     0x00005ceb   Thumb Code    28  pdma.o(i.__ARM_common_switch8)
    __ARM_fpclassify                         0x00005d09   Thumb Code    40  fpclassify.o(i.__ARM_fpclassify)
    __ieee754_rem_pio2                       0x00005d35   Thumb Code   838  rred.o(i.__ieee754_rem_pio2)
    __kernel_cos                             0x000060d1   Thumb Code   224  cos_i.o(i.__kernel_cos)
    __kernel_poly                            0x000061c5   Thumb Code   172  poly.o(i.__kernel_poly)
    __kernel_sin                             0x00006271   Thumb Code   222  sin_i.o(i.__kernel_sin)
    __mathlib_dbl_infnan                     0x0000635d   Thumb Code    10  dunder.o(i.__mathlib_dbl_infnan)
    __mathlib_dbl_infnan2                    0x00006367   Thumb Code     8  dunder.o(i.__mathlib_dbl_infnan2)
    __mathlib_dbl_invalid                    0x0000636f   Thumb Code    16  dunder.o(i.__mathlib_dbl_invalid)
    __mathlib_dbl_underflow                  0x00006381   Thumb Code    14  dunder.o(i.__mathlib_dbl_underflow)
    _is_digit                                0x00006395   Thumb Code    14  __printf_wp.o(i._is_digit)
    atan                                     0x000063a5   Thumb Code   472  atan.o(i.atan)
    atan2                                    0x000065c1   Thumb Code   334  atan2.o(i.atan2)
    calibrate_model_acc                      0x00006739   Thumb Code   336  gauss_newton_calibrate.o(i.calibrate_model_acc)
    checkMagFail                             0x000068a5   Thumb Code   164  sensorfusion6.o(i.checkMagFail)
    clear_LCD                                0x0000694d   Thumb Code    42  ly096bg30.o(i.clear_LCD)
    cos                                      0x00006979   Thumb Code   142  cos.o(i.cos)
    ferror                                   0x00007369   Thumb Code     8  retarget.o(i.ferror)
    find_delta                               0x00007371   Thumb Code   266  gauss_newton_calibrate.o(i.find_delta)
    fputc                                    0x00007489   Thumb Code    16  retarget.o(i.fputc)
    getTickCount                             0x00007499   Thumb Code     6  timer_ctrl.o(i.getTickCount)
    i2c_Init                                 0x000074a5   Thumb Code    58  main.o(i.i2c_Init)
    main                                     0x00007525   Thumb Code   380  main.o(i.main)
    nvtAHRSInit                              0x0000772d   Thumb Code    40  ahrslib.o(i.nvtAHRSInit)
    nvtCalACCBufferFill                      0x00007759   Thumb Code   126  acccalibrate.o(i.nvtCalACCBufferFill)
    nvtCalACCInit                            0x000077e9   Thumb Code    26  acccalibrate.o(i.nvtCalACCInit)
    nvtGetAccZWithoutGravity                 0x00007811   Thumb Code    78  ahrslib.o(i.nvtGetAccZWithoutGravity)
    nvtGetEulerRPY                           0x00007869   Thumb Code    30  ahrslib.o(i.nvtGetEulerRPY)
    nvtGetGyroOffset                         0x00007891   Thumb Code    16  ahrslib.o(i.nvtGetGyroOffset)
    nvtGyroCenterCalibrate                   0x000078a5   Thumb Code    78  gyrocalibrate.o(i.nvtGyroCenterCalibrate)
    nvtInputSensorRawACC                     0x00007905   Thumb Code    68  ahrslib.o(i.nvtInputSensorRawACC)
    nvtInputSensorRawGYRO                    0x00007955   Thumb Code    76  ahrslib.o(i.nvtInputSensorRawGYRO)
    nvtMillisecondTick                       0x000079ad   Thumb Code    20  ahrslib.o(i.nvtMillisecondTick)
    nvtSetAccG_PER_LSB                       0x000079c5   Thumb Code     6  acccalibrate.o(i.nvtSetAccG_PER_LSB)
    nvtSetAccOffset                          0x000079d1   Thumb Code    16  ahrslib.o(i.nvtSetAccOffset)
    nvtSetAccScale                           0x000079e5   Thumb Code    16  ahrslib.o(i.nvtSetAccScale)
    nvtSetGYRODegPLSB                        0x000079f9   Thumb Code     6  gyrocalibrate.o(i.nvtSetGYRODegPLSB)
    nvtSetGyroOffset                         0x00007a05   Thumb Code    16  ahrslib.o(i.nvtSetGyroOffset)
    nvtSetGyroScale                          0x00007a19   Thumb Code    16  ahrslib.o(i.nvtSetGyroScale)
    nvtUpdateAHRS                            0x00007a2d   Thumb Code   182  ahrslib.o(i.nvtUpdateAHRS)
    oledWriteCommand                         0x00007af5   Thumb Code    14  ly096bg30.o(i.oledWriteCommand)
    oledWriteData                            0x00007b03   Thumb Code    14  ly096bg30.o(i.oledWriteData)
    oled_address                             0x00007b11   Thumb Code    42  ly096bg30.o(i.oled_address)
    print_C                                  0x00007b3d   Thumb Code    72  ly096bg30.o(i.print_C)
    print_Line                               0x00007b89   Thumb Code    36  ly096bg30.o(i.print_Line)
    pushBuffer                               0x00007bad   Thumb Code    54  gyrodriftcalibrate.o(i.pushBuffer)
    quickSortIterative                       0x00007be3   Thumb Code   182  gyrodriftcalibrate.o(i.quickSortIterative)
    reset_calibration_matrices               0x00007c99   Thumb Code    42  gauss_newton_calibrate.o(i.reset_calibration_matrices)
    sensfusion6GetAccZWithoutGravity         0x00007ccd   Thumb Code    58  sensorfusion6.o(i.sensfusion6GetAccZWithoutGravity)
    sensfusion6GetEulerRPY                   0x00007d0d   Thumb Code    20  sensorfusion6.o(i.sensfusion6GetEulerRPY)
    sensfusion6UpdateMagByEuler              0x00007d25   Thumb Code   442  sensorfusion6.o(i.sensfusion6UpdateMagByEuler)
    sensfusion6UpdateQ                       0x00007ee9   Thumb Code   984  sensorfusion6.o(i.sensfusion6UpdateQ)
    sensfusion9UpdateQ                       0x000082d1   Thumb Code  1600  sensorfusion6.o(i.sensfusion9UpdateQ)
    setup_system_tick                        0x00008915   Thumb Code    64  timer_ctrl.o(i.setup_system_tick)
    sin                                      0x00008961   Thumb Code   146  sin.o(i.sin)
    sqrt                                     0x000089fd   Thumb Code    66  sqrt.o(i.sqrt)
    transfer                                 0x00008a45   Thumb Code    24  main.o(i.transfer)
    update_calibration_matrices              0x00008a61   Thumb Code   190  gauss_newton_calibrate.o(i.update_calibration_matrices)
    __aeabi_cdrcmple                         0x00008b2d   Thumb Code     0  drlef.o(x$fpl$drleqf)
    _drcmple                                 0x00008b2d   Thumb Code   100  drlef.o(x$fpl$drleqf)
    __aeabi_fadd                             0x00008b95   Thumb Code     0  faddsub.o(x$fpl$fadd)
    _fadd                                    0x00008b95   Thumb Code   134  faddsub.o(x$fpl$fadd)
    __aeabi_cfcmple                          0x00008c21   Thumb Code     0  flef.o(x$fpl$fleqf)
    _fcmple                                  0x00008c21   Thumb Code    78  flef.o(x$fpl$fleqf)
    __aeabi_fmul                             0x00008c75   Thumb Code     0  fmul.o(x$fpl$fmul)
    _fmul                                    0x00008c75   Thumb Code   172  fmul.o(x$fpl$fmul)
    __aeabi_cfrcmple                         0x00008d25   Thumb Code     0  frlef.o(x$fpl$frleqf)
    _frcmple                                 0x00008d25   Thumb Code    84  frlef.o(x$fpl$frleqf)
    __aeabi_frsub                            0x00008d7d   Thumb Code     0  faddsub.o(x$fpl$frsb)
    _frsb                                    0x00008d7d   Thumb Code    24  faddsub.o(x$fpl$frsb)
    __aeabi_fsub                             0x00008d95   Thumb Code     0  faddsub.o(x$fpl$fsub)
    _fsub                                    0x00008d95   Thumb Code   204  faddsub.o(x$fpl$fsub)
    __I$use$fp                               0x00008e64   Number         0  usenofp.o(x$fpl$usenofp)
    g_asAppCallBack                          0x00008e64   Data          16  appcallback.o(.constdata)
    g_asMatrixKeyHandler                     0x00008e74   Data          16  configio.o(.constdata)
    g_au8MatrixKeyStateIndex                 0x00008e84   Data           1  configio.o(.constdata)
    g_asTriggerKeyHandler                    0x00008e88   Data         120  configio.o(.constdata)
    g_au8TriggerKeyStateIndex                0x00008f00   Data           1  configio.o(.constdata)
    g_u32BiqCoeff                            0x00008f04   Data          60  micspk.o(.constdata)
    g_u32Playback_Volume_DB_Table            0x00008f48   Data          52  playback.o(.constdata)
    g_u8UltraIOCurveMap                      0x00008f7c   Data           2  ultraio.o(.constdata)
    g_sUltraIOCurveSetting                   0x00008f7e   Data           4  ultraio.o(.constdata)
    __mathlib_zero                           0x0000a7f0   Data           8  qnan.o(.constdata)
    Region$$Table$$Base                      0x0000a930   Number         0  anon$$obj.o(Region$$Table)
    Region$$Table$$Limit                     0x0000a950   Number         0  anon$$obj.o(Region$$Table)
    HUMITURESENSOR_Data                      0x20000400   Data           4  main.o(.data)
    iEuler                                   0x20000404   Data           6  main.o(.data)
    R                                        0x2000040a   Data           2  main.o(.data)
    P                                        0x2000040c   Data           2  main.o(.data)
    Y                                        0x2000040e   Data           2  main.o(.data)
    iGyroX                                   0x20000410   Data           2  main.o(.data)
    iGyroY                                   0x20000412   Data           2  main.o(.data)
    iGyroZ                                   0x20000414   Data           2  main.o(.data)
    g_u8AppCtrl                              0x20000416   Data           1  main.o(.data)
    real_rx_count                            0x20000417   Data           1  main.o(.data)
    g_u8DeviceAddr                           0x20000418   Data           1  i2c0int.o(.data)
    g_au8TxData                              0x20000419   Data           3  i2c0int.o(.data)
    g_u8RxData                               0x2000041c   Data           1  i2c0int.o(.data)
    g_u8RxData1                              0x2000041d   Data           1  i2c0int.o(.data)
    i2c_novalidack_timeout                   0x2000041e   Data           2  i2c0int.o(.data)
    i2c_unreachable_timeout                  0x20000420   Data           2  i2c0int.o(.data)
    g_u8DataLen                              0x20000422   Data           1  i2c0int.o(.data)
    g_u8EndFlag                              0x20000423   Data           1  i2c0int.o(.data)
    s_I2C0HandlerFn                          0x20000424   Data           4  i2c0int.o(.data)
    SystemCoreClock                          0x20000428   Data           4  system_isd9100.o(.data)
    CyclesPerUs                              0x2000042c   Data           4  system_isd9100.o(.data)
    gau32ClkSrcTbl                           0x20000430   Data          12  system_isd9100.o(.data)
    gau32HiRCSrcTbl                          0x2000043c   Data           8  system_isd9100.o(.data)
    g_psDacBufCtrl                           0x20000448   Data           4  playback.o(.data)
    g_pi16PcmBuf                             0x2000044c   Data           4  playback.o(.data)
    g_sPlayback_VolumeControl                0x20000450   Data           8  playback.o(.data)
    g_u8DBDefaultIndex                       0x20000458   Data           1  playback.o(.data)
    g_uiUltraIOCurveToPortBPins              0x2000045a   Data           2  ultraio.o(.data)
    g_uiUltraIOCtrl                          0x2000045c   Data           1  ultraio.o(.data)
    g_u8UltraIOCurveValue                    0x2000045d   Data           1  ultraio.o(.data)
    g_u8UltraIOFwPwmCounter                  0x2000045e   Data           1  ultraio.o(.data)
    g_u16DebounceCount                       0x20000466   Data           2  keypad.o(.data)
    g_u16PressingCount                       0x20000468   Data           2  keypad.o(.data)
    __stdout                                 0x2000046c   Data           4  retarget.o(.data)
    __stdin                                  0x20000470   Data           4  retarget.o(.data)
    Font8x16                                 0x20000474   Data        1520  ly096bg30.o(.data)
    rawGYRO                                  0x20000a64   Data           6  mpu6050_api.o(.data)
    rawACC                                   0x20000a6a   Data           6  mpu6050_api.o(.data)
    SensorInitState                          0x20000a70   Data           3  mpu6050_api.o(.data)
    SensorCalState                           0x20000a73   Data           3  mpu6050_api.o(.data)
    GyroX                                    0x20000a76   Data           2  mpu6050_api.o(.data)
    GyroY                                    0x20000a78   Data           2  mpu6050_api.o(.data)
    GyroZ                                    0x20000a7a   Data           2  mpu6050_api.o(.data)
    UPDATE_DT                                0x20000a7c   Data           4  timer_ctrl.o(.data)
    tick_counter                             0x20000a80   Data           4  timer_ctrl.o(.data)
    frame_counter                            0x20000a84   Data           4  timer_ctrl.o(.data)
    GPABCallback_Counter                     0x20000a88   Data           4  timer_ctrl.o(.data)
    u32Timer0Cnt                             0x20000a8c   Data           4  timer_ctrl.o(.data)
    u32Timer1Cnt                             0x20000a90   Data           4  timer_ctrl.o(.data)
    u32Timer2Cnt                             0x20000a94   Data           4  timer_ctrl.o(.data)
    u32Timer3Cnt                             0x20000a98   Data           4  timer_ctrl.o(.data)
    period                                   0x20000aa4   Data           1  ahrslib.o(.data)
    DIM                                      0x20000aa5   Data           4  ahrslib.o(.data)
    ZWithoutG_Base                           0x20000aac   Data           4  ahrslib.o(.data)
    bufferFillFlag                           0x20000ab6   Data           1  acccalibrate.o(.data)
    BufferIndexMag                           0x20000ab8   Data           2  magcalibrate.o(.data)
    MagGuass                                 0x20000abc   Data           4  magcalibrate.o(.data)
    IC_LIST                                  0x20000ac4   Data          16  security.o(.data)
    twoKp                                    0x20000ae4   Data           4  sensorfusion6.o(.data)
    twoKi                                    0x20000ae8   Data           4  sensorfusion6.o(.data)
    integralFBx                              0x20000aec   Data           4  sensorfusion6.o(.data)
    integralFBy                              0x20000af0   Data           4  sensorfusion6.o(.data)
    integralFBz                              0x20000af4   Data           4  sensorfusion6.o(.data)
    gx                                       0x20000af8   Data           4  sensorfusion6.o(.data)
    gy                                       0x20000afc   Data           4  sensorfusion6.o(.data)
    gz                                       0x20000b00   Data           4  sensorfusion6.o(.data)
    qx                                       0x20000b04   Data           4  sensorfusion6.o(.data)
    qy                                       0x20000b08   Data           4  sensorfusion6.o(.data)
    qz                                       0x20000b0c   Data           4  sensorfusion6.o(.data)
    gx_deg                                   0x20000b10   Data           4  sensorfusion6.o(.data)
    gy_deg                                   0x20000b14   Data           4  sensorfusion6.o(.data)
    gz_deg                                   0x20000b18   Data           4  sensorfusion6.o(.data)
    ax                                       0x20000b1c   Data           4  sensorfusion6.o(.data)
    ay                                       0x20000b20   Data           4  sensorfusion6.o(.data)
    az                                       0x20000b24   Data           4  sensorfusion6.o(.data)
    EulerR                                   0x20000b28   Data           4  sensorfusion6.o(.data)
    EulerP                                   0x20000b2c   Data           4  sensorfusion6.o(.data)
    EulerY                                   0x20000b30   Data           4  sensorfusion6.o(.data)
    EulerRd                                  0x20000b34   Data           4  sensorfusion6.o(.data)
    EulerPd                                  0x20000b38   Data           4  sensorfusion6.o(.data)
    EulerYd                                  0x20000b3c   Data           4  sensorfusion6.o(.data)
    mx                                       0x20000b40   Data           4  sensorfusion6.o(.data)
    my                                       0x20000b44   Data           4  sensorfusion6.o(.data)
    mz                                       0x20000b48   Data           4  sensorfusion6.o(.data)
    mdx                                      0x20000b4c   Data           4  sensorfusion6.o(.data)
    mdy                                      0x20000b50   Data           4  sensorfusion6.o(.data)
    mdz                                      0x20000b54   Data           4  sensorfusion6.o(.data)
    q0                                       0x20000b58   Data           4  sensorfusion6.o(.data)
    q1                                       0x20000b5c   Data           4  sensorfusion6.o(.data)
    q2                                       0x20000b60   Data           4  sensorfusion6.o(.data)
    q3                                       0x20000b64   Data           4  sensorfusion6.o(.data)
    acc_steady                               0x20000b68   Data           4  sensorfusion6.o(.data)
    g_sSpiFlash                              0x20000b6c   Data          12  main.o(.bss)
    g_sApp                                   0x20000b78   Data        1580  main.o(.bss)
    GLOBAL_BUF                               0x200011a4   Data         256  main.o(.bss)
    g_ai16DACSamples                         0x200012a4   Data          16  interrupthandler.o(.bss)
    GyroScale                                0x2000132c   Data          12  mpu6050_api.o(.bss)
    AccScale                                 0x20001338   Data          12  mpu6050_api.o(.bss)
    GyroOffset                               0x20001344   Data          12  mpu6050_api.o(.bss)
    AccOffset                                0x20001350   Data          12  mpu6050_api.o(.bss)
    Sensor                                   0x2000135c   Data          18  mpu6050_api.o(.bss)
    Chronograph                              0x20001370   Data          48  timer_ctrl.o(.bss)
    CalInfo                                  0x200013a0   Data         108  ahrslib.o(.bss)
    SensorState                              0x2000140c   Data         560  ahrslib.o(.bss)
    TimeInfo                                 0x2000163c   Data          16  ahrslib.o(.bss)
    AttitudeInfo                             0x2000164c   Data         120  ahrslib.o(.bss)
    BufferRawACC                             0x200016c4   Data         360  acccalibrate.o(.bss)
    BufferIndexACC                           0x2000182c   Data          12  acccalibrate.o(.bss)
    FilterACC                                0x20001838   Data          60  acccalibrate.o(.bss)
    HistogramValue                           0x20001ee4   Data         512  gyrodriftcalibrate.o(.bss)
    HistogramCount                           0x200020e4   Data         512  gyrodriftcalibrate.o(.bss)
    vg                                       0x20002590   Data          12  sensorfusion6.o(.bss)
    Ve                                       0x2000259c   Data          12  sensorfusion6.o(.bss)
    V0                                       0x200025a8   Data          12  sensorfusion6.o(.bss)
    Vdiff                                    0x200025b4   Data          12  sensorfusion6.o(.bss)
    Alast                                    0x200025c0   Data          12  sensorfusion6.o(.bss)
    mag_norm                                 0x200025cc   Data          12  sensorfusion6.o(.bss)
    __libspace_start                         0x200025d8   Data          96  libspace.o(.bss)
    __temporary_stack_top$libspace           0x20002638   Data           0  libspace.o(.bss)



==============================================================================

Memory Map of the image

  Image Entry point : 0x000001b5

  Load Region _ROM (Base: 0x00000000, Size: 0x0000b0bc, Max: 0x00023400, ABSOLUTE)

    Execution Region _RESET (Base: 0x00000000, Size: 0x000000c0, Max: 0xffffffff, OVERLAY)

    Base Addr    Size         Type   Attr      Idx    E Section Name        Object

    0x00000000   0x000000c0   Data   RO          737    RESET               startup_isd9100.o


    Execution Region _CODE (Base: 0x000000c0, Size: 0x0000a890, Max: 0xffffffff, ABSOLUTE)

    Base Addr    Size         Type   Attr      Idx    E Section Name        Object

    0x000000c0   0x00000008   Code   RO         4382  * !!!main             c_p.l(__main.o)
    0x000000c8   0x0000003c   Code   RO         4707    !!!scatter          c_p.l(__scatter.o)
    0x00000104   0x0000001a   Code   RO         4709    !!handler_copy      c_p.l(__scatter_copy.o)
    0x0000011e   0x00000002   PAD
    0x00000120   0x0000001c   Code   RO         4711    !!handler_zi        c_p.l(__scatter_zi.o)
    0x0000013c   0x00000002   Code   RO         4365    .ARM.Collect$$_printf_percent$$00000000  c_p.l(_printf_percent.o)
    0x0000013e   0x0000000a   Code   RO         4364    .ARM.Collect$$_printf_percent$$00000009  c_p.l(_printf_d.o)
    0x00000148   0x0000000a   Code   RO         4363    .ARM.Collect$$_printf_percent$$0000000C  c_p.l(_printf_x.o)
    0x00000152   0x00000004   Code   RO         4483    .ARM.Collect$$_printf_percent$$00000017  c_p.l(_printf_percent_end.o)
    0x00000156   0x00000002   Code   RO         4579    .ARM.Collect$$libinit$$00000000  c_p.l(libinit.o)
    0x00000158   0x00000000   Code   RO         4592    .ARM.Collect$$libinit$$00000002  c_p.l(libinit2.o)
    0x00000158   0x00000000   Code   RO         4594    .ARM.Collect$$libinit$$00000004  c_p.l(libinit2.o)
    0x00000158   0x00000000   Code   RO         4597    .ARM.Collect$$libinit$$0000000A  c_p.l(libinit2.o)
    0x00000158   0x00000000   Code   RO         4599    .ARM.Collect$$libinit$$0000000C  c_p.l(libinit2.o)
    0x00000158   0x00000000   Code   RO         4601    .ARM.Collect$$libinit$$0000000E  c_p.l(libinit2.o)
    0x00000158   0x00000000   Code   RO         4604    .ARM.Collect$$libinit$$00000011  c_p.l(libinit2.o)
    0x00000158   0x00000000   Code   RO         4606    .ARM.Collect$$libinit$$00000013  c_p.l(libinit2.o)
    0x00000158   0x00000000   Code   RO         4608    .ARM.Collect$$libinit$$00000015  c_p.l(libinit2.o)
    0x00000158   0x00000000   Code   RO         4610    .ARM.Collect$$libinit$$00000017  c_p.l(libinit2.o)
    0x00000158   0x00000000   Code   RO         4612    .ARM.Collect$$libinit$$00000019  c_p.l(libinit2.o)
    0x00000158   0x00000000   Code   RO         4614    .ARM.Collect$$libinit$$0000001B  c_p.l(libinit2.o)
    0x00000158   0x00000000   Code   RO         4616    .ARM.Collect$$libinit$$0000001D  c_p.l(libinit2.o)
    0x00000158   0x00000000   Code   RO         4618    .ARM.Collect$$libinit$$0000001F  c_p.l(libinit2.o)
    0x00000158   0x00000000   Code   RO         4620    .ARM.Collect$$libinit$$00000021  c_p.l(libinit2.o)
    0x00000158   0x00000000   Code   RO         4622    .ARM.Collect$$libinit$$00000023  c_p.l(libinit2.o)
    0x00000158   0x00000000   Code   RO         4624    .ARM.Collect$$libinit$$00000025  c_p.l(libinit2.o)
    0x00000158   0x00000000   Code   RO         4628    .ARM.Collect$$libinit$$0000002C  c_p.l(libinit2.o)
    0x00000158   0x00000000   Code   RO         4630    .ARM.Collect$$libinit$$0000002E  c_p.l(libinit2.o)
    0x00000158   0x00000000   Code   RO         4632    .ARM.Collect$$libinit$$00000030  c_p.l(libinit2.o)
    0x00000158   0x00000000   Code   RO         4634    .ARM.Collect$$libinit$$00000032  c_p.l(libinit2.o)
    0x00000158   0x00000002   Code   RO         4635    .ARM.Collect$$libinit$$00000033  c_p.l(libinit2.o)
    0x0000015a   0x00000002   Code   RO         4664    .ARM.Collect$$libshutdown$$00000000  c_p.l(libshutdown.o)
    0x0000015c   0x00000000   Code   RO         4690    .ARM.Collect$$libshutdown$$00000002  c_p.l(libshutdown2.o)
    0x0000015c   0x00000000   Code   RO         4692    .ARM.Collect$$libshutdown$$00000004  c_p.l(libshutdown2.o)
    0x0000015c   0x00000000   Code   RO         4695    .ARM.Collect$$libshutdown$$00000007  c_p.l(libshutdown2.o)
    0x0000015c   0x00000000   Code   RO         4698    .ARM.Collect$$libshutdown$$0000000A  c_p.l(libshutdown2.o)
    0x0000015c   0x00000000   Code   RO         4700    .ARM.Collect$$libshutdown$$0000000C  c_p.l(libshutdown2.o)
    0x0000015c   0x00000000   Code   RO         4703    .ARM.Collect$$libshutdown$$0000000F  c_p.l(libshutdown2.o)
    0x0000015c   0x00000002   Code   RO         4704    .ARM.Collect$$libshutdown$$00000010  c_p.l(libshutdown2.o)
    0x0000015e   0x00000000   Code   RO         4468    .ARM.Collect$$rtentry$$00000000  c_p.l(__rtentry.o)
    0x0000015e   0x00000000   Code   RO         4533    .ARM.Collect$$rtentry$$00000002  c_p.l(__rtentry2.o)
    0x0000015e   0x00000006   Code   RO         4545    .ARM.Collect$$rtentry$$00000004  c_p.l(__rtentry4.o)
    0x00000164   0x00000000   Code   RO         4535    .ARM.Collect$$rtentry$$00000009  c_p.l(__rtentry2.o)
    0x00000164   0x00000004   Code   RO         4536    .ARM.Collect$$rtentry$$0000000A  c_p.l(__rtentry2.o)
    0x00000168   0x00000000   Code   RO         4538    .ARM.Collect$$rtentry$$0000000C  c_p.l(__rtentry2.o)
    0x00000168   0x00000008   Code   RO         4539    .ARM.Collect$$rtentry$$0000000D  c_p.l(__rtentry2.o)
    0x00000170   0x00000002   Code   RO         4583    .ARM.Collect$$rtexit$$00000000  c_p.l(rtexit.o)
    0x00000172   0x00000000   Code   RO         4639    .ARM.Collect$$rtexit$$00000002  c_p.l(rtexit2.o)
    0x00000172   0x00000004   Code   RO         4640    .ARM.Collect$$rtexit$$00000003  c_p.l(rtexit2.o)
    0x00000176   0x00000006   Code   RO         4641    .ARM.Collect$$rtexit$$00000004  c_p.l(rtexit2.o)
    0x0000017c   0x00000038   Code   RO         4370    .emb_text           c_p.l(rt_memcpy.o)
    0x000001b4   0x00000060   Code   RO          738  * .text               startup_isd9100.o
    0x00000214   0x0000001c   Code   RO         4314    .text               c_p.l(noretval__2printf.o)
    0x00000230   0x00000028   Code   RO         4316    .text               c_p.l(noretval__2sprintf.o)
    0x00000258   0x0000006c   Code   RO         4320    .text               c_p.l(_printf_dec.o)
    0x000002c4   0x00000058   Code   RO         4325    .text               c_p.l(_printf_hex_int.o)
    0x0000031c   0x0000010e   Code   RO         4351    .text               c_p.l(__printf_wp.o)
    0x0000042a   0x00000028   Code   RO         4366    .text               c_p.l(strstr.o)
    0x00000452   0x00000002   PAD
    0x00000454   0x00000044   Code   RO         4368    .text               c_p.l(strlen.o)
    0x00000498   0x00000040   Code   RO         4374    .text               c_p.l(rt_memclr.o)
    0x000004d8   0x000001e8   Code   RO         4376    .text               c_p.l(aeabi_sdivfast.o)
    0x000006c0   0x00000006   Code   RO         4380    .text               c_p.l(heapauxi.o)
    0x000006c6   0x00000002   PAD
    0x000006c8   0x0000007c   Code   RO         4384    .text               fz_ps.l(d2f.o)
    0x00000744   0x00000358   Code   RO         4386    .text               fz_ps.l(daddsub.o)
    0x00000a9c   0x00000448   Code   RO         4388    .text               fz_ps.l(ddiv.o)
    0x00000ee4   0x0000006c   Code   RO         4391    .text               fz_ps.l(dfixi.o)
    0x00000f50   0x00000048   Code   RO         4393    .text               fz_ps.l(dfixui.o)
    0x00000f98   0x00000058   Code   RO         4395    .text               fz_ps.l(dflti.o)
    0x00000ff0   0x00000248   Code   RO         4397    .text               fz_ps.l(dmul.o)
    0x00001238   0x00000054   Code   RO         4401    .text               fz_ps.l(f2d.o)
    0x0000128c   0x00000160   Code   RO         4409    .text               fz_ps.l(fdiv.o)
    0x000013ec   0x0000004c   Code   RO         4412    .text               fz_ps.l(ffixi.o)
    0x00001438   0x00000030   Code   RO         4414    .text               fz_ps.l(ffixui.o)
    0x00001468   0x0000005e   Code   RO         4416    .text               fz_ps.l(fflti.o)
    0x000014c6   0x00000002   PAD
    0x000014c8   0x00000044   Code   RO         4424    .text               fz_ps.l(fscalbn.o)
    0x0000150c   0x00000016   Code   RO         4473    .text               c_p.l(_rserrno.o)
    0x00001522   0x000000b0   Code   RO         4475    .text               c_p.l(_printf_intcommon.o)
    0x000015d2   0x00000002   PAD
    0x000015d4   0x00000030   Code   RO         4477    .text               c_p.l(_printf_char_common.o)
    0x00001604   0x0000000a   Code   RO         4479    .text               c_p.l(_sputc.o)
    0x0000160e   0x00000002   PAD
    0x00001610   0x00000028   Code   RO         4481    .text               c_p.l(_printf_char_file.o)
    0x00001638   0x00000028   Code   RO         4484    .text               c_p.l(rtudiv10.o)
    0x00001660   0x00000090   Code   RO         4486    .text               fz_ps.l(dcmpin.o)
    0x000016f0   0x00000060   Code   RO         4490    .text               fz_ps.l(dscalbn.o)
    0x00001750   0x00000100   Code   RO         4492    .text               fz_ps.l(dsqrt.o)
    0x00001850   0x00000064   Code   RO         4494    .text               fz_ps.l(fcmpin.o)
    0x000018b4   0x00000008   Code   RO         4552    .text               c_p.l(rt_errno_addr_intlibspace.o)
    0x000018bc   0x0000002e   Code   RO         4556    .text               fz_ps.l(cmpret.o)
    0x000018ea   0x00000002   PAD
    0x000018ec   0x00000014   Code   RO         4558    .text               fz_ps.l(dnan2.o)
    0x00001900   0x00000010   Code   RO         4560    .text               fz_ps.l(fnan2.o)
    0x00001910   0x00000008   Code   RO         4562    .text               c_p.l(libspace.o)
    0x00001918   0x0000003e   Code   RO         4565    .text               c_p.l(sys_stackheap_outer.o)
    0x00001956   0x00000010   Code   RO         4568    .text               c_p.l(exit.o)
    0x00001966   0x0000005e   Code   RO         4580    .text               fz_ps.l(retnan.o)
    0x000019c4   0x0000000c   Code   RO         4636    .text               c_p.l(sys_exit.o)
    0x000019d0   0x00000002   Code   RO         4653    .text               c_p.l(use_no_semi.o)
    0x000019d2   0x00000000   Code   RO         4655    .text               c_p.l(indicate_semi.o)
    0x000019d2   0x00000002   PAD
    0x000019d4   0x00000030   Code   RO         4209    i.AccCalibrate      AHRSLibISD9100.lib(gauss_newton_calibrate.o)
    0x00001a04   0x00000048   Code   RO         3509    i.AccCalibrationZ   mpu6050_api.o
    0x00001a4c   0x00000050   Code   RO         4159    i.AccFilterInit     AHRSLibISD9100.lib(accfilter.o)
    0x00001a9c   0x000000a0   Code   RO         4210    i.AccZCalibrate     AHRSLibISD9100.lib(gauss_newton_calibrate.o)
    0x00001b3c   0x00000054   Code   RO          286    i.App_Initiate      appfunctions.o
    0x00001b90   0x00000024   Code   RO          288    i.App_ProcessPlay   appfunctions.o
    0x00001bb4   0x0000002c   Code   RO          289    i.App_StartPlay     appfunctions.o
    0x00001be0   0x00000018   Code   RO          290    i.App_StopPlay      appfunctions.o
    0x00001bf8   0x00000032   Code   RO          878    i.AudioRom_GetAudioChunkInfo  audiorom.o
    0x00001c2a   0x00000012   Code   RO          879    i.AudioRom_GetAudioNum  audiorom.o
    0x00001c3c   0x0000001e   Code   RO          880    i.AudioRom_GetRomHeader  audiorom.o
    0x00001c5a   0x00000002   PAD
    0x00001c5c   0x00000034   Code   RO          989    i.BIQFilter_Setting  micspk.o
    0x00001c90   0x00000020   Code   RO         1911    i.BIQ_Reset         biq.o
    0x00001cb0   0x0000006c   Code   RO         1912    i.BIQ_SetCoeff      biq.o
    0x00001d1c   0x0000002a   Code   RO          914    i.BufCtrl_WriteWithCount  bufctrl.o
    0x00001d46   0x00000002   PAD
    0x00001d48   0x00000014   Code   RO          435    i.CAPS_IRQHandler   interrupthandler.o
    0x00001d5c   0x00000040   Code   RO         2012    i.CLK_EnableLDO     clk.o
    0x00001d9c   0x00000024   Code   RO         2013    i.CLK_EnableModuleClock  clk.o
    0x00001dc0   0x00000020   Code   RO         2014    i.CLK_EnableXtalRC  clk.o
    0x00001de0   0x00000010   Code   RO         2015    i.CLK_GetHCLKFreq   clk.o
    0x00001df0   0x00000048   Code   RO         2018    i.CLK_SetHCLK       clk.o
    0x00001e38   0x00000064   Code   RO         2019    i.CLK_SetModuleClock  clk.o
    0x00001e9c   0x00000040   Code   RO         3861    i.CalInfoInit       AHRSLibISD9100.lib(ahrslib.o)
    0x00001edc   0x000001a8   Code   RO         4171    i.CheckEmpirical    AHRSLibISD9100.lib(gyrodriftcalibrate.o)
    0x00002084   0x00000056   Code   RO         4172    i.CheckGyroNormalParam  AHRSLibISD9100.lib(gyrodriftcalibrate.o)
    0x000020da   0x00000002   PAD
    0x000020dc   0x00000090   Code   RO         4175    i.CheckMode         AHRSLibISD9100.lib(gyrodriftcalibrate.o)
    0x0000216c   0x00000048   Code   RO         4176    i.CheckNormalDistribution  AHRSLibISD9100.lib(gyrodriftcalibrate.o)
    0x000021b4   0x00000038   Code   RO         4145    i.CheckSecurityID   AHRSLibISD9100.lib(security.o)
    0x000021ec   0x00000050   Code   RO         4177    i.CheckStandardDV   AHRSLibISD9100.lib(gyrodriftcalibrate.o)
    0x0000223c   0x00000020   Code   RO         3562    i.ChronographStart  timer_ctrl.o
    0x0000225c   0x00000200   Code   RO         4259    i.ComputeEuler      AHRSLibISD9100.lib(sensorfusion6.o)
    0x0000245c   0x00000334   Code   RO         4260    i.ComputeMotion     AHRSLibISD9100.lib(sensorfusion6.o)
    0x00002790   0x0000006c   Code   RO            3    i.ConvertHTValue    main.o
    0x000027fc   0x000000f8   Code   RO            4    i.ConvertMPU6050Value  main.o
    0x000028f4   0x00000002   Code   RO         2163    i.DPWM_Open         dpwm.o
    0x000028f6   0x00000002   PAD
    0x000028f8   0x0000003c   Code   RO         2164    i.DPWM_SetSampleRate  dpwm.o
    0x00002934   0x00000038   Code   RO          378    i.Default_KeyHandler  inputkeyactions.o
    0x0000296c   0x00000018   Code   RO         3565    i.DelayMsec         timer_ctrl.o
    0x00002984   0x00000050   Code   RO         4147    i.FMCReadUCID       AHRSLibISD9100.lib(security.o)
    0x000029d4   0x00000014   Code   RO         2205    i.FMC_Close         fmc.o
    0x000029e8   0x00000014   Code   RO         2212    i.FMC_Open          fmc.o
    0x000029fc   0x0000002c   Code   RO         3980    i.FilterACCInit     AHRSLibISD9100.lib(acccalibrate.o)
    0x00002a28   0x0000004c   Code   RO         4160    i.FilterCalibrateACC  AHRSLibISD9100.lib(accfilter.o)
    0x00002a74   0x00000024   Code   RO          436    i.GPAB_IRQHandler   interrupthandler.o
    0x00002a98   0x0000002e   Code   RO         2317    i.GPIO_SetMode      gpio.o
    0x00002ac6   0x00000002   PAD
    0x00002ac8   0x0000000c   Code   RO         3862    i.GetAHRSPeriod     AHRSLibISD9100.lib(ahrslib.o)
    0x00002ad4   0x0000001c   Code   RO         4213    i.GetCalibrateParams  AHRSLibISD9100.lib(gauss_newton_calibrate.o)
    0x00002af0   0x00000018   Code   RO         4178    i.GetGyroDynamicCenter  AHRSLibISD9100.lib(gyrodriftcalibrate.o)
    0x00002b08   0x0000000c   Code   RO         4122    i.GetMagGuass       AHRSLibISD9100.lib(magcalibrate.o)
    0x00002b14   0x0000000c   Code   RO         3863    i.GetTickCounter    AHRSLibISD9100.lib(ahrslib.o)
    0x00002b20   0x00000048   Code   RO         3510    i.GyroCalibrate     mpu6050_api.o
    0x00002b68   0x0000004c   Code   RO         4179    i.GyroDynamicCalibrate  AHRSLibISD9100.lib(gyrodriftcalibrate.o)
    0x00002bb4   0x0000008c   Code   RO         3361    i.HDC1000_I2C_SingleRead  hdc1000.o
    0x00002c40   0x00000080   Code   RO         3362    i.HDC1000_I2C_SingleWrite  hdc1000.o
    0x00002cc0   0x00000038   Code   RO          630    i.I2C0_IRQHandler   i2c0int.o
    0x00002cf8   0x0000000a   Code   RO         2347    i.I2C_ClearTimeoutFlag  i2c.o
    0x00002d02   0x0000000a   Code   RO         2351    i.I2C_EnableInt     i2c.o
    0x00002d0c   0x0000013c   Code   RO          631    i.I2C_MasterRx      i2c0int.o
    0x00002e48   0x00000174   Code   RO          632    i.I2C_MasterRx_var  i2c0int.o
    0x00002fbc   0x000000e4   Code   RO          633    i.I2C_MasterTx      i2c0int.o
    0x000030a0   0x000000e4   Code   RO          634    i.I2C_MasterTx_var  i2c0int.o
    0x00003184   0x00000040   Code   RO         2357    i.I2C_Open          i2c.o
    0x000031c4   0x00000040   Code   RO         2360    i.I2C_SetSlaveAddr  i2c.o
    0x00003204   0x00000078   Code   RO         3511    i.Init_AHRS         mpu6050_api.o
    0x0000327c   0x00000020   Code   RO         3363    i.Init_HDC1000      hdc1000.o
    0x0000329c   0x000000ac   Code   RO         3249    i.Init_LCD          ly096bg30.o
    0x00003348   0x0000003c   Code   RO         3433    i.Init_MPU6050      mpu6050.o
    0x00003384   0x00000024   Code   RO          939    i.InputKey_Change   configio.o
    0x000033a8   0x00000090   Code   RO          940    i.InputKey_Initiate  configio.o
    0x00003438   0x00000018   Code   RO         1622    i.Keypad_InitKeypad  keypad.o
    0x00003450   0x00000034   Code   RO         1623    i.Keypad_InitTgr    keypad.o
    0x00003484   0x00000060   Code   RO         1632    i.Keypad_ScanTgr    keypad.o
    0x000034e4   0x00000054   Code   RO         1633    i.Keypad_ScanTgrPort  keypad.o
    0x00003538   0x00000028   Code   RO         1635    i.Keypad_TgrDecDebounceCounter  keypad.o
    0x00003560   0x00000068   Code   RO         1636    i.Keypad_TgrMapHandler  keypad.o
    0x000035c8   0x00000080   Code   RO         3434    i.MPU6050_I2C_SingleRead  mpu6050.o
    0x00003648   0x00000078   Code   RO         3435    i.MPU6050_I2C_SingleWrite  mpu6050.o
    0x000036c0   0x000000dc   Code   RO         4161    i.MultiwiiAccFilter  AHRSLibISD9100.lib(accfilter.o)
    0x0000379c   0x00000014   Code   RO         1395    i.NVIC_ClearPendingIRQ  pdmactrl.o
    0x000037b0   0x00000014   Code   RO            5    i.NVIC_EnableIRQ    main.o
    0x000037c4   0x00000078   Code   RO            6    i.NVIC_SetPriority  main.o
    0x0000383c   0x00000078   Code   RO          291    i.NVIC_SetPriority  appfunctions.o
    0x000038b4   0x00000078   Code   RO         3569    i.NVIC_SetPriority  timer_ctrl.o
    0x0000392c   0x0000002c   Code   RO          744    i.NuLiteExApp_DecodeInitiate  nuliteexapp_decode.o
    0x00003958   0x000000c8   Code   RO          745    i.NuLiteExApp_DecodeProcess  nuliteexapp_decode.o
    0x00003a20   0x00000090   Code   RO          746    i.NuLiteExApp_DecodeStartPlayByAddr  nuliteexapp_decode.o
    0x00003ab0   0x00000034   Code   RO          747    i.NuLiteExApp_DecodeStartPlayByID  nuliteexapp_decode.o
    0x00003ae4   0x0000001e   Code   RO          748    i.NuLiteExApp_DecodeStopPlay  nuliteexapp_decode.o
    0x00003b02   0x00000002   PAD
    0x00003b04   0x000000b8   Code   RO         3695    i.NuLiteEx_DecodeInitiate  NuLiteEx_Keil.lib(nuliteex.o)
    0x00003bbc   0x00000010   Code   RO         3696    i.NuLiteEx_DecodeIsEnd  NuLiteEx_Keil.lib(nuliteex.o)
    0x00003bcc   0x000000d4   Code   RO         3697    i.NuLiteEx_DecodeProcess  NuLiteEx_Keil.lib(nuliteex.o)
    0x00003ca0   0x00000028   Code   RO         4000    i.NuLiteXCodec_DecodeInitial  NuLiteEx_Keil.lib(nulitedecode.o)
    0x00003cc8   0x00000030   Code   RO         4001    i.NuLiteXCodec_DecodeProcess  NuLiteEx_Keil.lib(nulitedecode.o)
    0x00003cf8   0x00000284   Code   RO         4002    i.NuLiteXCodec_f_categorize  NuLiteEx_Keil.lib(nulitedecode.o)
    0x00003f7c   0x00000078   Code   RO         3251    i.OLED_SingleWrite  ly096bg30.o
    0x00003ff4   0x00000024   Code   RO          941    i.OutputPin_Initiate  configio.o
    0x00004018   0x00000014   Code   RO          942    i.OutputPin_Set     configio.o
    0x0000402c   0x00000014   Code   RO         2516    i.PDMA_DisableInt   pdma.o
    0x00004040   0x00000014   Code   RO         2517    i.PDMA_EnableInt    pdma.o
    0x00004054   0x00000024   Code   RO          437    i.PDMA_IRQHandler   interrupthandler.o
    0x00004078   0x00000014   Code   RO         2518    i.PDMA_Open         pdma.o
    0x0000408c   0x00000024   Code   RO         2519    i.PDMA_SetTransferAddr  pdma.o
    0x000040b0   0x00000048   Code   RO         2520    i.PDMA_SetTransferCnt  pdma.o
    0x000040f8   0x00000018   Code   RO         2521    i.PDMA_SetTransferDirection  pdma.o
    0x00004110   0x000000e8   Code   RO         2522    i.PDMA_SetTransferMode  pdma.o
    0x000041f8   0x00000018   Code   RO         2523    i.PDMA_Trigger      pdma.o
    0x00004210   0x00000168   Code   RO         2588    i.PWM_ConfigOutputChannel  pwm.o
    0x00004378   0x00000008   Code   RO         2593    i.PWM_DisableOutput  pwm.o
    0x00004380   0x00000008   Code   RO         2598    i.PWM_EnableOutput  pwm.o
    0x00004388   0x0000002a   Code   RO         2602    i.PWM_Start         pwm.o
    0x000043b2   0x00000026   Code   RO         2603    i.PWM_Stop          pwm.o
    0x000043d8   0x00000028   Code   RO         1397    i.PdmaCtrl_Init     pdmactrl.o
    0x00004400   0x0000009c   Code   RO         1398    i.PdmaCtrl_Open     pdmactrl.o
    0x0000449c   0x00000030   Code   RO         1399    i.PdmaCtrl_Start    pdmactrl.o
    0x000044cc   0x0000001c   Code   RO         1400    i.PdmaCtrl_Stop     pdmactrl.o
    0x000044e8   0x00000058   Code   RO          380    i.PlayNext_KeypadHandler  inputkeyactions.o
    0x00004540   0x00000060   Code   RO          382    i.PlayPrev_KeypadHandler  inputkeyactions.o
    0x000045a0   0x00000040   Code   RO         1086    i.Playback_Add      playback.o
    0x000045e0   0x00000044   Code   RO         1087    i.Playback_AdjustVolumeDBStep  playback.o
    0x00004624   0x00000040   Code   RO         1089    i.Playback_Initiate  playback.o
    0x00004664   0x0000001c   Code   RO         1090    i.Playback_IsTargetVolume  playback.o
    0x00004680   0x00000060   Code   RO          383    i.Playback_KeypadHandler  inputkeyactions.o
    0x000046e0   0x0000001e   Code   RO         1092    i.Playback_NeedUpdateOutputBuf  playback.o
    0x000046fe   0x00000002   PAD
    0x00004700   0x00000104   Code   RO         1094    i.Playback_Process  playback.o
    0x00004804   0x00000078   Code   RO         1095    i.Playback_ProcessVolume  playback.o
    0x0000487c   0x0000003c   Code   RO         1096    i.Playback_Remove   playback.o
    0x000048b8   0x00000024   Code   RO         1097    i.Playback_ResetChannelVolume  playback.o
    0x000048dc   0x00000030   Code   RO         1098    i.Playback_SetOutputBuf  playback.o
    0x0000490c   0x00000074   Code   RO         1100    i.Playback_StartPlay  playback.o
    0x00004980   0x00000074   Code   RO         1101    i.Playback_StopPlay  playback.o
    0x000049f4   0x00000016   Code   RO         1102    i.Playback_UpdateOutputBuf  playback.o
    0x00004a0a   0x00000002   PAD
    0x00004a0c   0x0000002c   Code   RO         1104    i.Playback_VolumeFadeOut  playback.o
    0x00004a38   0x00000002   Code   RO          438    i.RTC_IRQHandler    interrupthandler.o
    0x00004a3a   0x00000002   PAD
    0x00004a3c   0x0000006c   Code   RO         3864    i.RawSmoothInput    AHRSLibISD9100.lib(ahrslib.o)
    0x00004aa8   0x00000080   Code   RO         3865    i.RawSmoothOutput   AHRSLibISD9100.lib(ahrslib.o)
    0x00004b28   0x0000000e   Code   RO         3366    i.Read_HDC1000_Humidity  hdc1000.o
    0x00004b36   0x0000000e   Code   RO         3368    i.Read_HDC1000_Temperature  hdc1000.o
    0x00004b44   0x00000018   Code   RO         3436    i.Read_MPU6050_AccX  mpu6050.o
    0x00004b5c   0x00000018   Code   RO         3437    i.Read_MPU6050_AccY  mpu6050.o
    0x00004b74   0x00000018   Code   RO         3438    i.Read_MPU6050_AccZ  mpu6050.o
    0x00004b8c   0x00000018   Code   RO         3439    i.Read_MPU6050_GyroX  mpu6050.o
    0x00004ba4   0x00000018   Code   RO         3440    i.Read_MPU6050_GyroY  mpu6050.o
    0x00004bbc   0x00000018   Code   RO         3441    i.Read_MPU6050_GyroZ  mpu6050.o
    0x00004bd4   0x000000f4   Code   RO         1457    i.SPIFlash_GetChipInfo  spiflash.o
    0x00004cc8   0x00000088   Code   RO            7    i.SPIFlash_Initiate  main.o
    0x00004d50   0x00000070   Code   RO         1460    i.SPIFlash_Open     spiflash.o
    0x00004dc0   0x00000014   Code   RO         1461    i.SPIFlash_PowerDown  spiflash.o
    0x00004dd4   0x0000001e   Code   RO         1462    i.SPIFlash_Read     spiflash.o
    0x00004df2   0x000000d4   Code   RO         1463    i.SPIFlash_ReadData  spiflash.o
    0x00004ec6   0x00000002   PAD
    0x00004ec8   0x0000001c   Code   RO          345    i.SPIFlash_ReadDataCallback  appcallback.o
    0x00004ee4   0x00000018   Code   RO         1465    i.SPIFlash_ReadEnd  spiflash.o
    0x00004efc   0x0000006e   Code   RO         1466    i.SPIFlash_ReadStart  spiflash.o
    0x00004f6a   0x00000052   Code   RO         1468    i.SPIFlash_SendRecOneData  spiflash.o
    0x00004fbc   0x00000018   Code   RO         2919    i.SPI_GetBusClock   spi.o
    0x00004fd4   0x00000028   Code   RO         2921    i.SPI_Open          spi.o
    0x00004ffc   0x00000050   Code   RO         2922    i.SPI_SetBusClock   spi.o
    0x0000504c   0x00000048   Code   RO         2923    i.SPI_SetVarClock   spi.o
    0x00005094   0x0000003c   Code   RO          995    i.SPK_ChangeSR      micspk.o
    0x000050d0   0x00000078   Code   RO          997    i.SPK_Open          micspk.o
    0x00005148   0x00000024   Code   RO         1000    i.SPK_Start         micspk.o
    0x0000516c   0x00000014   Code   RO         1001    i.SPK_Stop          micspk.o
    0x00005180   0x00000010   Code   RO         2971    i.SYS_Lock          sys.o
    0x00005190   0x0000000c   Code   RO         2972    i.SYS_LockReg       sys.o
    0x0000519c   0x00000030   Code   RO         2976    i.SYS_ResetModule   sys.o
    0x000051cc   0x00000030   Code   RO         2977    i.SYS_Unlock        sys.o
    0x000051fc   0x00000020   Code   RO         2978    i.SYS_UnlockReg     sys.o
    0x0000521c   0x00000190   Code   RO         3981    i.SampleFilter      AHRSLibISD9100.lib(acccalibrate.o)
    0x000053ac   0x0000000c   Code   RO         2717    i.SendChar          retarget.o
    0x000053b8   0x00000034   Code   RO         2718    i.SendChar_ToUART   retarget.o
    0x000053ec   0x00000038   Code   RO         3866    i.SensorStateInit   AHRSLibISD9100.lib(ahrslib.o)
    0x00005424   0x00000040   Code   RO         3512    i.SensorsDynamicCalibrate  mpu6050_api.o
    0x00005464   0x00000048   Code   RO         3982    i.SetCalibrateACC   AHRSLibISD9100.lib(acccalibrate.o)
    0x000054ac   0x00000048   Code   RO         3963    i.SetCalibrateGYRO  AHRSLibISD9100.lib(gyrocalibrate.o)
    0x000054f4   0x00000048   Code   RO         4124    i.SetMagGuass       AHRSLibISD9100.lib(magcalibrate.o)
    0x0000553c   0x0000000c   Code   RO         3867    i.SetZWithoutG_Base  AHRSLibISD9100.lib(ahrslib.o)
    0x00005548   0x00000074   Code   RO         4149    i.SetupSecurityID   AHRSLibISD9100.lib(security.o)
    0x000055bc   0x00000058   Code   RO         1375    i.SysClk_InitiateRC  sysclk.o
    0x00005614   0x00000078   Code   RO         3570    i.SysTick_Handler   timer_ctrl.o
    0x0000568c   0x00000068   Code   RO          705    i.SystemCoreClockUpdate  system_isd9100.o
    0x000056f4   0x00000038   Code   RO            8    i.System_Init       main.o
    0x0000572c   0x00000064   Code   RO         3076    i.TIMER_GetModuleClock  timer.o
    0x00005790   0x00000020   Code   RO         3077    i.TIMER_GetWorkingFreq  timer.o
    0x000057b0   0x00000018   Code   RO         3571    i.TIMER_Init        timer_ctrl.o
    0x000057c8   0x00000076   Code   RO         3078    i.TIMER_Open        timer.o
    0x0000583e   0x00000002   PAD
    0x00005840   0x00000088   Code   RO         3572    i.TMR0_IRQHandler   timer_ctrl.o
    0x000058c8   0x0000001c   Code   RO          439    i.TMR1_IRQHandler   interrupthandler.o
    0x000058e4   0x00000040   Code   RO            9    i.UART0_IRQHandler  main.o
    0x00005924   0x00000080   Code   RO           10    i.UART_Init         main.o
    0x000059a4   0x00000068   Code   RO         3123    i.UART_Open         uart.o
    0x00005a0c   0x00000024   Code   RO         3124    i.UART_Read         uart.o
    0x00005a30   0x00000036   Code   RO           11    i.UART_Write_Wecan  main.o
    0x00005a66   0x00000002   PAD
    0x00005a68   0x00000098   Code   RO         1288    i.UltraIO_EventHandler  ultraio.o
    0x00005b00   0x000000e8   Code   RO         1289    i.UltraIO_Initiate  ultraio.o
    0x00005be8   0x00000060   Code   RO         1290    i.UltraIO_OuputCurve  ultraio.o
    0x00005c48   0x00000018   Code   RO         1292    i.UltraIO_Start     ultraio.o
    0x00005c60   0x00000010   Code   RO         1293    i.UltraIO_Stop      ultraio.o
    0x00005c70   0x00000034   Code   RO         3983    i.UpdateCalibrateInfoACC  AHRSLibISD9100.lib(acccalibrate.o)
    0x00005ca4   0x00000012   Code   RO          346    i.UserEvent_ProcessCallback  appcallback.o
    0x00005cb6   0x00000002   Code   RO          440    i.WDT_IRQHandler    interrupthandler.o
    0x00005cb8   0x00000032   Code   RO         4524    i.__ARM_common_ll_muluu  m_ps.l(rred.o)
    0x00005cea   0x0000001c   Code   RO         2578    i.__ARM_common_switch8  pdma.o
    0x00005d06   0x00000002   PAD
    0x00005d08   0x0000002c   Code   RO         4514    i.__ARM_fpclassify  m_ps.l(fpclassify.o)
    0x00005d34   0x0000039c   Code   RO         4519    i.__ieee754_rem_pio2  m_ps.l(rred.o)
    0x000060d0   0x000000f4   Code   RO         4497    i.__kernel_cos      m_ps.l(cos_i.o)
    0x000061c4   0x000000ac   Code   RO         4516    i.__kernel_poly     m_ps.l(poly.o)
    0x00006270   0x000000ec   Code   RO         4526    i.__kernel_sin      m_ps.l(sin_i.o)
    0x0000635c   0x0000000a   Code   RO         4501    i.__mathlib_dbl_infnan  m_ps.l(dunder.o)
    0x00006366   0x00000008   Code   RO         4502    i.__mathlib_dbl_infnan2  m_ps.l(dunder.o)
    0x0000636e   0x00000010   Code   RO         4503    i.__mathlib_dbl_invalid  m_ps.l(dunder.o)
    0x0000637e   0x00000002   PAD
    0x00006380   0x00000014   Code   RO         4506    i.__mathlib_dbl_underflow  m_ps.l(dunder.o)
    0x00006394   0x0000000e   Code   RO         4353    i._is_digit         c_p.l(__printf_wp.o)
    0x000063a2   0x00000002   PAD
    0x000063a4   0x0000021c   Code   RO         4427    i.atan              m_ps.l(atan.o)
    0x000065c0   0x00000178   Code   RO         4437    i.atan2             m_ps.l(atan2.o)
    0x00006738   0x0000016c   Code   RO         4222    i.calibrate_model_acc  AHRSLibISD9100.lib(gauss_newton_calibrate.o)
    0x000068a4   0x000000a8   Code   RO         4262    i.checkMagFail      AHRSLibISD9100.lib(sensorfusion6.o)
    0x0000694c   0x0000002a   Code   RO         3252    i.clear_LCD         ly096bg30.o
    0x00006976   0x00000002   PAD
    0x00006978   0x00000098   Code   RO         4445    i.cos               m_ps.l(cos.o)
    0x00006a10   0x000003a4   Code   RO         4003    i.f_decode_vector_quantized_mlt_indices  NuLiteEx_Keil.lib(nulitedecode.o)
    0x00006db4   0x00000208   Code   RO         4004    i.f_decoder         NuLiteEx_Keil.lib(nulitedecode.o)
    0x00006fbc   0x000003ac   Code   RO         4005    i.f_rmlt_coefs_to_samples  NuLiteEx_Keil.lib(nulitedecode.o)
    0x00007368   0x00000008   Code   RO         2720    i.ferror            retarget.o
    0x00007370   0x00000118   Code   RO         4227    i.find_delta        AHRSLibISD9100.lib(gauss_newton_calibrate.o)
    0x00007488   0x00000010   Code   RO         2722    i.fputc             retarget.o
    0x00007498   0x0000000c   Code   RO         3573    i.getTickCount      timer_ctrl.o
    0x000074a4   0x0000004c   Code   RO           12    i.i2c_Init          main.o
    0x000074f0   0x00000034   Code   RO         4264    i.invSqrt           AHRSLibISD9100.lib(sensorfusion6.o)
    0x00007524   0x00000208   Code   RO           13    i.main              main.o
    0x0000772c   0x0000002c   Code   RO         3872    i.nvtAHRSInit       AHRSLibISD9100.lib(ahrslib.o)
    0x00007758   0x00000090   Code   RO         3984    i.nvtCalACCBufferFill  AHRSLibISD9100.lib(acccalibrate.o)
    0x000077e8   0x00000028   Code   RO         3985    i.nvtCalACCInit     AHRSLibISD9100.lib(acccalibrate.o)
    0x00007810   0x00000058   Code   RO         3875    i.nvtGetAccZWithoutGravity  AHRSLibISD9100.lib(ahrslib.o)
    0x00007868   0x00000028   Code   RO         3877    i.nvtGetEulerRPY    AHRSLibISD9100.lib(ahrslib.o)
    0x00007890   0x00000014   Code   RO         3879    i.nvtGetGyroOffset  AHRSLibISD9100.lib(ahrslib.o)
    0x000078a4   0x00000060   Code   RO         3966    i.nvtGyroCenterCalibrate  AHRSLibISD9100.lib(gyrocalibrate.o)
    0x00007904   0x00000050   Code   RO         3895    i.nvtInputSensorRawACC  AHRSLibISD9100.lib(ahrslib.o)
    0x00007954   0x00000058   Code   RO         3897    i.nvtInputSensorRawGYRO  AHRSLibISD9100.lib(ahrslib.o)
    0x000079ac   0x00000018   Code   RO         3899    i.nvtMillisecondTick  AHRSLibISD9100.lib(ahrslib.o)
    0x000079c4   0x0000000c   Code   RO         3987    i.nvtSetAccG_PER_LSB  AHRSLibISD9100.lib(acccalibrate.o)
    0x000079d0   0x00000014   Code   RO         3901    i.nvtSetAccOffset   AHRSLibISD9100.lib(ahrslib.o)
    0x000079e4   0x00000014   Code   RO         3902    i.nvtSetAccScale    AHRSLibISD9100.lib(ahrslib.o)
    0x000079f8   0x0000000c   Code   RO         3969    i.nvtSetGYRODegPLSB  AHRSLibISD9100.lib(gyrocalibrate.o)
    0x00007a04   0x00000014   Code   RO         3903    i.nvtSetGyroOffset  AHRSLibISD9100.lib(ahrslib.o)
    0x00007a18   0x00000014   Code   RO         3904    i.nvtSetGyroScale   AHRSLibISD9100.lib(ahrslib.o)
    0x00007a2c   0x000000c8   Code   RO         3909    i.nvtUpdateAHRS     AHRSLibISD9100.lib(ahrslib.o)
    0x00007af4   0x0000000e   Code   RO         3254    i.oledWriteCommand  ly096bg30.o
    0x00007b02   0x0000000e   Code   RO         3255    i.oledWriteData     ly096bg30.o
    0x00007b10   0x0000002a   Code   RO         3256    i.oled_address      ly096bg30.o
    0x00007b3a   0x00000002   PAD
    0x00007b3c   0x0000004c   Code   RO         3257    i.print_C           ly096bg30.o
    0x00007b88   0x00000024   Code   RO         3258    i.print_Line        ly096bg30.o
    0x00007bac   0x00000036   Code   RO         4185    i.pushBuffer        AHRSLibISD9100.lib(gyrodriftcalibrate.o)
    0x00007be2   0x000000b6   Code   RO         4186    i.quickSortIterative  AHRSLibISD9100.lib(gyrodriftcalibrate.o)
    0x00007c98   0x00000034   Code   RO         4228    i.reset_calibration_matrices  AHRSLibISD9100.lib(gauss_newton_calibrate.o)
    0x00007ccc   0x00000040   Code   RO         4266    i.sensfusion6GetAccZWithoutGravity  AHRSLibISD9100.lib(sensorfusion6.o)
    0x00007d0c   0x00000018   Code   RO         4267    i.sensfusion6GetEulerRPY  AHRSLibISD9100.lib(sensorfusion6.o)
    0x00007d24   0x000001c4   Code   RO         4278    i.sensfusion6UpdateMagByEuler  AHRSLibISD9100.lib(sensorfusion6.o)
    0x00007ee8   0x000003e8   Code   RO         4279    i.sensfusion6UpdateQ  AHRSLibISD9100.lib(sensorfusion6.o)
    0x000082d0   0x00000644   Code   RO         4280    i.sensfusion9UpdateQ  AHRSLibISD9100.lib(sensorfusion6.o)
    0x00008914   0x0000004c   Code   RO         3577    i.setup_system_tick  timer_ctrl.o
    0x00008960   0x0000009c   Code   RO         4453    i.sin               m_ps.l(sin.o)
    0x000089fc   0x00000048   Code   RO         4461    i.sqrt              m_ps.l(sqrt.o)
    0x00008a44   0x0000001c   Code   RO           14    i.transfer          main.o
    0x00008a60   0x000000cc   Code   RO         4231    i.update_calibration_matrices  AHRSLibISD9100.lib(gauss_newton_calibrate.o)
    0x00008b2c   0x00000068   Code   RO         4399    x$fpl$drleqf        fz_ps.l(drlef.o)
    0x00008b94   0x0000008c   Code   RO         4403    x$fpl$fadd          fz_ps.l(faddsub.o)
    0x00008c20   0x00000054   Code   RO         4418    x$fpl$fleqf         fz_ps.l(flef.o)
    0x00008c74   0x000000b0   Code   RO         4420    x$fpl$fmul          fz_ps.l(fmul.o)
    0x00008d24   0x00000058   Code   RO         4422    x$fpl$frleqf        fz_ps.l(frlef.o)
    0x00008d7c   0x00000018   Code   RO         4404    x$fpl$frsb          fz_ps.l(faddsub.o)
    0x00008d94   0x000000d0   Code   RO         4405    x$fpl$fsub          fz_ps.l(faddsub.o)
    0x00008e64   0x00000000   Code   RO         4496    x$fpl$usenofp       fz_ps.l(usenofp.o)
    0x00008e64   0x00000010   Data   RO          347    .constdata          appcallback.o
    0x00008e74   0x0000008d   Data   RO          943    .constdata          configio.o
    0x00008f01   0x00000003   PAD
    0x00008f04   0x00000044   Data   RO         1002    .constdata          micspk.o
    0x00008f48   0x00000034   Data   RO         1105    .constdata          playback.o
    0x00008f7c   0x00000006   Data   RO         1294    .constdata          ultraio.o
    0x00008f82   0x00000002   PAD
    0x00008f84   0x000000a8   Data   RO         2604    .constdata          pwm.o
    0x0000902c   0x00000014   Data   RO         3079    .constdata          timer.o
    0x00009040   0x000004bc   Data   RO         4006    .constdata          NuLiteEx_Keil.lib(nulitedecode.o)
    0x000094fc   0x00000028   Data   RO         4007    .constdata          NuLiteEx_Keil.lib(nulitedecode.o)
    0x00009524   0x00000050   Data   RO         4008    .constdata          NuLiteEx_Keil.lib(nulitedecode.o)
    0x00009574   0x000000a0   Data   RO         4009    .constdata          NuLiteEx_Keil.lib(nulitedecode.o)
    0x00009614   0x00000140   Data   RO         4010    .constdata          NuLiteEx_Keil.lib(nulitedecode.o)
    0x00009754   0x0000021c   Data   RO         4011    .constdata          NuLiteEx_Keil.lib(nulitedecode.o)
    0x00009970   0x00000117   Data   RO         4012    .constdata          NuLiteEx_Keil.lib(nulitedecode.o)
    0x00009a87   0x0000008d   Data   RO         4013    .constdata          NuLiteEx_Keil.lib(nulitedecode.o)
    0x00009b14   0x00000615   Data   RO         4014    .constdata          NuLiteEx_Keil.lib(nulitedecode.o)
    0x0000a129   0x00000270   Data   RO         4015    .constdata          NuLiteEx_Keil.lib(nulitedecode.o)
    0x0000a399   0x0000023d   Data   RO         4016    .constdata          NuLiteEx_Keil.lib(nulitedecode.o)
    0x0000a5d6   0x0000005d   Data   RO         4017    .constdata          NuLiteEx_Keil.lib(nulitedecode.o)
    0x0000a633   0x00000001   PAD
    0x0000a634   0x0000000c   Data   RO         4190    .constdata          AHRSLibISD9100.lib(gyrodriftcalibrate.o)
    0x0000a640   0x00000028   Data   RO         4326    .constdata          c_p.l(_printf_hex_int.o)
    0x0000a668   0x00000080   Data   RO         4389    .constdata          fz_ps.l(ddiv.o)
    0x0000a6e8   0x00000040   Data   RO         4410    .constdata          fz_ps.l(fdiv.o)
    0x0000a728   0x00000098   Data   RO         4428    .constdata          m_ps.l(atan.o)
    0x0000a7c0   0x00000030   Data   RO         4498    .constdata          m_ps.l(cos_i.o)
    0x0000a7f0   0x00000008   Data   RO         4518    .constdata          m_ps.l(qnan.o)
    0x0000a7f8   0x000000c8   Data   RO         4521    .constdata          m_ps.l(rred.o)
    0x0000a8c0   0x00000028   Data   RO         4527    .constdata          m_ps.l(sin_i.o)
    0x0000a8e8   0x00000046   Data   RO           16    .conststring        main.o
    0x0000a92e   0x00000002   PAD
    0x0000a930   0x00000020   Data   RO         4705    Region$$Table       anon$$obj.o


    Execution Region _STACK (Base: 0x20000000, Size: 0x00000400, Max: 0xffffffff, ABSOLUTE, UNINIT)

    Base Addr    Size         Type   Attr      Idx    E Section Name        Object

    0x20000000   0x00000400   Zero   RW          735    STACK               startup_isd9100.o


    Execution Region _SRAM (Base: 0x20000400, Size: 0x00002438, Max: 0xffffffff, ABSOLUTE)

    Base Addr    Size         Type   Attr      Idx    E Section Name        Object

    0x20000400   0x00000018   Data   RW           17    .data               main.o
    0x20000418   0x00000010   Data   RW          635    .data               i2c0int.o
    0x20000428   0x0000001c   Data   RW          707    .data               system_isd9100.o
    0x20000444   0x00000016   Data   RW         1106    .data               playback.o
    0x2000045a   0x00000005   Data   RW         1295    .data               ultraio.o
    0x2000045f   0x00000001   PAD
    0x20000460   0x0000000a   Data   RW         1643    .data               keypad.o
    0x2000046a   0x00000002   PAD
    0x2000046c   0x00000008   Data   RW         2725    .data               retarget.o
    0x20000474   0x000005f0   Data   RW         3259    .data               ly096bg30.o
    0x20000a64   0x00000018   Data   RW         3514    .data               mpu6050_api.o
    0x20000a7c   0x00000028   Data   RW         3579    .data               timer_ctrl.o
    0x20000aa4   0x00000012   Data   RW         3911    .data               AHRSLibISD9100.lib(ahrslib.o)
    0x20000ab6   0x00000001   Data   RW         3989    .data               AHRSLibISD9100.lib(acccalibrate.o)
    0x20000ab7   0x00000001   PAD
    0x20000ab8   0x00000008   Data   RW         4133    .data               AHRSLibISD9100.lib(magcalibrate.o)
    0x20000ac0   0x00000014   Data   RW         4151    .data               AHRSLibISD9100.lib(security.o)
    0x20000ad4   0x00000010   Data   RW         4165    .data               AHRSLibISD9100.lib(accfilter.o)
    0x20000ae4   0x00000088   Data   RW         4282    .data               AHRSLibISD9100.lib(sensorfusion6.o)
    0x20000b6c   0x00000738   Zero   RW           15    .bss                main.o
    0x200012a4   0x00000010   Zero   RW          441    .bss                interrupthandler.o
    0x200012b4   0x00000078   Zero   RW         1642    .bss                keypad.o
    0x2000132c   0x00000042   Zero   RW         3513    .bss                mpu6050_api.o
    0x2000136e   0x00000002   PAD
    0x20001370   0x00000030   Zero   RW         3578    .bss                timer_ctrl.o
    0x200013a0   0x00000324   Zero   RW         3910    .bss                AHRSLibISD9100.lib(ahrslib.o)
    0x200016c4   0x000001b0   Zero   RW         3988    .bss                AHRSLibISD9100.lib(acccalibrate.o)
    0x20001874   0x0000001c   Zero   RW         4150    .bss                AHRSLibISD9100.lib(security.o)
    0x20001890   0x00000018   Zero   RW         4164    .bss                AHRSLibISD9100.lib(accfilter.o)
    0x200018a8   0x00000a3c   Zero   RW         4189    .bss                AHRSLibISD9100.lib(gyrodriftcalibrate.o)
    0x200022e4   0x00000294   Zero   RW         4233    .bss                AHRSLibISD9100.lib(gauss_newton_calibrate.o)
    0x20002578   0x00000060   Zero   RW         4281    .bss                AHRSLibISD9100.lib(sensorfusion6.o)
    0x200025d8   0x00000060   Zero   RW         4563    .bss                c_p.l(libspace.o)
    0x20002638   0x00000200   Zero   RW          736    HEAP                startup_isd9100.o


==============================================================================

Image component sizes


      Code (inc. data)   RO Data    RW Data    ZI Data      Debug   Object Name

        46          4         16          0          0       1944   appcallback.o
       308         54          0          0          0       8196   appfunctions.o
        98          0          0          0          0       2624   audiorom.o
       140         12          0          0          0       1491   biq.o
        42          0          0          0          0       1021   bufctrl.o
       320         32          0          0          0       3664   clk.o
       236         40        141          0          0       3219   configio.o
        62          8          0          0          0       1077   dpwm.o
        40         12          0          0          0        899   fmc.o
        46          0          0          0          0       1019   gpio.o
       328         88          0          0          0       2681   hdc1000.o
       148          6          0          0          0       2673   i2c.o
      1200        126          0         16          0       4257   i2c0int.o
       336         98          0          0          0       2192   inputkeyactions.o
       124         28          0          0         16     107425   interrupthandler.o
       400         60          0         10        120       6112   keypad.o
       516         42          0       1520          0      99758   ly096bg30.o
      1558        280         70         24       1848     126840   main.o
       288         48         68          0          0       3445   micspk.o
       452         84          0          0          0       4805   mpu6050.o
       328         44          0         24         66       4185   mpu6050_api.o
       470         16          0          0          0     107410   nuliteexapp_decode.o
       476         52          0          0          0       5410   pdma.o
       292         32          0          0          0       3337   pdmactrl.o
      1076        110         52         22          0      10803   playback.o
         0          0          0          0          0       5712   powerdown.o
       456         18        168          0          0       3904   pwm.o
        88          4          0          8          0       4216   retarget.o
       216         10          0          0          0       3153   spi.o
       834          0          0          0          0       7691   spiflash.o
        96         46        192          0       1536        620   startup_isd9100.o
       156         18          0          0          0       2476   sys.o
        88         10          0          0          0        696   sysclk.o
       104         30          0         28          0       1537   system_isd9100.o
       250         18         20          0          0       2523   timer.o
       544         88          0         40         48      12267   timer_ctrl.o
       140          8          0          0          0       1856   uart.o
       520         72          6          5          0     109213   ultraio.o

    ----------------------------------------------------------------------
     12850       1598        772       1700       3636     672351   Object Totals
         0          0         32          0          0          0   (incl. Generated)
        28          0          7          3          2          0   (incl. Padding)

    ----------------------------------------------------------------------

      Code (inc. data)   RO Data    RW Data    ZI Data      Debug   Library Member Name

       764         76          0          1        432        488   acccalibrate.o
       376         44          0         16         24        228   accfilter.o
      1056        140          0         18        804       1268   ahrslib.o
      1136        106          0          0        660        528   gauss_newton_calibrate.o
       180         38          0          0          0        208   gyrocalibrate.o
      1142         60         12          0       2620        680   gyrodriftcalibrate.o
        84         16          0          8          0        132   magcalibrate.o
       252         30          0         20         28        232   security.o
      4696        158          0        136         96        724   sensorfusion6.o
      3124         76       5619          0          0      13506   nulitedecode.o
       412          4          0          0          0       8974   nuliteex.o
         8          0          0          0          0         68   __main.o
       284          0          0          0          0        136   __printf_wp.o
         0          0          0          0          0          0   __rtentry.o
        12          0          0          0          0          0   __rtentry2.o
         6          0          0          0          0          0   __rtentry4.o
        60          8          0          0          0          0   __scatter.o
        26          0          0          0          0          0   __scatter_copy.o
        28          0          0          0          0          0   __scatter_zi.o
        48          6          0          0          0         88   _printf_char_common.o
        40          6          0          0          0         72   _printf_char_file.o
        10          0          0          0          0          0   _printf_d.o
       108         18          0          0          0         76   _printf_dec.o
        88          4         40          0          0         72   _printf_hex_int.o
       176          0          0          0          0         84   _printf_intcommon.o
         2          0          0          0          0          0   _printf_percent.o
         4          0          0          0          0          0   _printf_percent_end.o
        10          0          0          0          0          0   _printf_x.o
        22          0          0          0          0         92   _rserrno.o
        10          0          0          0          0         60   _sputc.o
       488          0          0          0          0         92   aeabi_sdivfast.o
        16          0          0          0          0         68   exit.o
         6          0          0          0          0        136   heapauxi.o
         0          0          0          0          0          0   indicate_semi.o
         2          0          0          0          0          0   libinit.o
         2          0          0          0          0          0   libinit2.o
         2          0          0          0          0          0   libshutdown.o
         2          0          0          0          0          0   libshutdown2.o
         8          4          0          0         96         68   libspace.o
        28          6          0          0          0         84   noretval__2printf.o
        40          4          0          0          0         84   noretval__2sprintf.o
         8          4          0          0          0         68   rt_errno_addr_intlibspace.o
        64          0          0          0          0        108   rt_memclr.o
        56          0          0          0          0         68   rt_memcpy.o
         2          0          0          0          0          0   rtexit.o
        10          0          0          0          0          0   rtexit2.o
        40          0          0          0          0         60   rtudiv10.o
        68          6          0          0          0         72   strlen.o
        40          0          0          0          0         72   strstr.o
        12          4          0          0          0         60   sys_exit.o
        62          0          0          0          0         80   sys_stackheap_outer.o
         2          0          0          0          0         68   use_no_semi.o
        46          0          0          0          0         60   cmpret.o
       124          4          0          0          0         72   d2f.o
       856         20          0          0          0        208   daddsub.o
       144          4          0          0          0         76   dcmpin.o
      1096         26        128          0          0        112   ddiv.o
       108         10          0          0          0         72   dfixi.o
        72          4          0          0          0         68   dfixui.o
        88          0          0          0          0         92   dflti.o
       584         26          0          0          0         84   dmul.o
        20          6          0          0          0         68   dnan2.o
       104          4          0          0          0        104   drlef.o
        96         12          0          0          0         72   dscalbn.o
       256          8          0          0          0         76   dsqrt.o
        84          4          0          0          0         60   f2d.o
       372          8          0          0          0        240   faddsub.o
       100          4          0          0          0         68   fcmpin.o
       352         10         64          0          0         92   fdiv.o
        76          0          0          0          0         68   ffixi.o
        48          0          0          0          0         60   ffixui.o
        94          0          0          0          0         92   fflti.o
        84          4          0          0          0         76   flef.o
       176          4          0          0          0         80   fmul.o
        16          6          0          0          0         68   fnan2.o
        88          4          0          0          0         76   frlef.o
        68          4          0          0          0         68   fscalbn.o
        94          0          0          0          0         68   retnan.o
         0          0          0          0          0          0   usenofp.o
       540         68        152          0          0        112   atan.o
       376         42          0          0          0        144   atan2.o
       152         10          0          0          0        104   cos.o
       244         20         48          0          0         92   cos_i.o
        54          6          0          0          0        272   dunder.o
        44          4          0          0          0         60   fpclassify.o
       172          0          0          0          0         76   poly.o
         0          0          8          0          0          0   qnan.o
       974         86        200          0          0        200   rred.o
       156         10          0          0          0        104   sin.o
       236         14         40          0          0        100   sin_i.o
        72          6          0          0          0         76   sqrt.o

    ----------------------------------------------------------------------
     23410       1256       6312        200       4760      32524   Library Totals
        22          0          1          1          0          0   (incl. Padding)

    ----------------------------------------------------------------------

      Code (inc. data)   RO Data    RW Data    ZI Data      Debug   Library Name

      9686        668         12        199       4664       4488   AHRSLibISD9100.lib
      3536         80       5619          0          0      22480   NuLiteEx_Keil.lib
      1900         70         40          0         96       1936   c_p.l
      5246        172        192          0          0       2280   fz_ps.l
      3020        266        448          0          0       1340   m_ps.l

    ----------------------------------------------------------------------
     23410       1256       6312        200       4760      32524   Library Totals

    ----------------------------------------------------------------------

==============================================================================


      Code (inc. data)   RO Data    RW Data    ZI Data      Debug   

     36260       2854       7084       1900       8396     691547   Grand Totals
     36260       2854       7084       1900       8396     691547   ELF Image Totals
     36260       2854       7084       1900          0          0   ROM Totals

==============================================================================

    Total RO  Size (Code + RO Data)                43344 (  42.33kB)
    Total RW  Size (RW Data + ZI Data)             10296 (  10.05kB)
    Total ROM Size (Code + RO Data + RW Data)      45244 (  44.18kB)

==============================================================================

